Archive member included to satisfy reference by file (symbol)

c:/program files (x86)/cypress/psoc creator/4.3/psoc creator/import/gnu/arm/5.4.1/bin/../lib/gcc/arm-none-eabi/5.4.1/armv7e-m/softfp\libgcc.a(_arm_addsubdf3.o)
                              .\CortexM4\ARM_GCC_541\Debug\cy_sysclk.o (__aeabi_f2d)
c:/program files (x86)/cypress/psoc creator/4.3/psoc creator/import/gnu/arm/5.4.1/bin/../lib/gcc/arm-none-eabi/5.4.1/armv7e-m/softfp\libgcc.a(_arm_muldivdf3.o)
                              .\CortexM4\ARM_GCC_541\Debug\cy_sysclk.o (__aeabi_ddiv)
c:/program files (x86)/cypress/psoc creator/4.3/psoc creator/import/gnu/arm/5.4.1/bin/../lib/gcc/arm-none-eabi/5.4.1/armv7e-m/softfp\libgcc.a(_arm_fixunsdfsi.o)
                              .\CortexM4\ARM_GCC_541\Debug\cy_sysclk.o (__aeabi_d2uiz)
c:/program files (x86)/cypress/psoc creator/4.3/psoc creator/import/gnu/arm/5.4.1/bin/../lib/gcc/arm-none-eabi/5.4.1/armv7e-m/softfp\libgcc.a(_arm_truncdfsf2.o)
                              .\CortexM4\ARM_GCC_541\Debug\cy_sysclk.o (__aeabi_d2f)
c:/program files (x86)/cypress/psoc creator/4.3/psoc creator/import/gnu/arm/5.4.1/bin/../lib/gcc/arm-none-eabi/5.4.1/armv7e-m/softfp\libgcc.a(_aeabi_ldivmod.o)
                              .\CortexM4\ARM_GCC_541\Debug\cy_sar.o (__aeabi_ldivmod)
c:/program files (x86)/cypress/psoc creator/4.3/psoc creator/import/gnu/arm/5.4.1/bin/../lib/gcc/arm-none-eabi/5.4.1/armv7e-m/softfp\libgcc.a(_aeabi_uldivmod.o)
                              .\CortexM4\ARM_GCC_541\Debug\cy_sysclk.o (__aeabi_uldivmod)
c:/program files (x86)/cypress/psoc creator/4.3/psoc creator/import/gnu/arm/5.4.1/bin/../lib/gcc/arm-none-eabi/5.4.1/armv7e-m/softfp\libgcc.a(_udivmoddi4.o)
                              c:/program files (x86)/cypress/psoc creator/4.3/psoc creator/import/gnu/arm/5.4.1/bin/../lib/gcc/arm-none-eabi/5.4.1/armv7e-m/softfp\libgcc.a(_aeabi_ldivmod.o) (__udivmoddi4)
c:/program files (x86)/cypress/psoc creator/4.3/psoc creator/import/gnu/arm/5.4.1/bin/../lib/gcc/arm-none-eabi/5.4.1/armv7e-m/softfp\libgcc.a(_dvmd_tls.o)
                              c:/program files (x86)/cypress/psoc creator/4.3/psoc creator/import/gnu/arm/5.4.1/bin/../lib/gcc/arm-none-eabi/5.4.1/armv7e-m/softfp\libgcc.a(_aeabi_ldivmod.o) (__aeabi_ldiv0)
c:/program files (x86)/cypress/psoc creator/4.3/psoc creator/import/gnu/arm/5.4.1/bin/../lib/gcc/arm-none-eabi/5.4.1/../../../../arm-none-eabi/lib/armv7e-m/softfp\libg_nano.a(lib_a-exit.o)
                              c:/program files (x86)/cypress/psoc creator/4.3/psoc creator/import/gnu/arm/5.4.1/bin/../lib/gcc/arm-none-eabi/5.4.1/../../../../arm-none-eabi/lib/armv7e-m/softfp/crt0.o (exit)
c:/program files (x86)/cypress/psoc creator/4.3/psoc creator/import/gnu/arm/5.4.1/bin/../lib/gcc/arm-none-eabi/5.4.1/../../../../arm-none-eabi/lib/armv7e-m/softfp\libg_nano.a(lib_a-impure.o)
                              c:/program files (x86)/cypress/psoc creator/4.3/psoc creator/import/gnu/arm/5.4.1/bin/../lib/gcc/arm-none-eabi/5.4.1/../../../../arm-none-eabi/lib/armv7e-m/softfp\libg_nano.a(lib_a-exit.o) (_global_impure_ptr)
c:/program files (x86)/cypress/psoc creator/4.3/psoc creator/import/gnu/arm/5.4.1/bin/../lib/gcc/arm-none-eabi/5.4.1/../../../../arm-none-eabi/lib/armv7e-m/softfp\libg_nano.a(lib_a-init.o)
                              c:/program files (x86)/cypress/psoc creator/4.3/psoc creator/import/gnu/arm/5.4.1/bin/../lib/gcc/arm-none-eabi/5.4.1/../../../../arm-none-eabi/lib/armv7e-m/softfp/crt0.o (__libc_init_array)
c:/program files (x86)/cypress/psoc creator/4.3/psoc creator/import/gnu/arm/5.4.1/bin/../lib/gcc/arm-none-eabi/5.4.1/../../../../arm-none-eabi/lib/armv7e-m/softfp\libg_nano.a(lib_a-memset.o)
                              c:/program files (x86)/cypress/psoc creator/4.3/psoc creator/import/gnu/arm/5.4.1/bin/../lib/gcc/arm-none-eabi/5.4.1/../../../../arm-none-eabi/lib/armv7e-m/softfp/crt0.o (memset)
c:/program files (x86)/cypress/psoc creator/4.3/psoc creator/import/gnu/arm/5.4.1/bin/../lib/gcc/arm-none-eabi/5.4.1/../../../../arm-none-eabi/lib/armv7e-m/softfp\libg_nano.a(lib_a-nano-vfprintf_float.o)
                              .\CortexM4\ARM_GCC_541\Debug\retarget.o (_printf_float)
c:/program files (x86)/cypress/psoc creator/4.3/psoc creator/import/gnu/arm/5.4.1/bin/../lib/gcc/arm-none-eabi/5.4.1/../../../../arm-none-eabi/lib/armv7e-m/softfp\libg_nano.a(lib_a-nano-vfprintf_i.o)
                              c:/program files (x86)/cypress/psoc creator/4.3/psoc creator/import/gnu/arm/5.4.1/bin/../lib/gcc/arm-none-eabi/5.4.1/../../../../arm-none-eabi/lib/armv7e-m/softfp\libg_nano.a(lib_a-nano-vfprintf_float.o) (_printf_common)
c:/program files (x86)/cypress/psoc creator/4.3/psoc creator/import/gnu/arm/5.4.1/bin/../lib/gcc/arm-none-eabi/5.4.1/../../../../arm-none-eabi/lib/armv7e-m/softfp\libg_nano.a(lib_a-nano-vfscanf_float.o)
                              .\CortexM4\ARM_GCC_541\Debug\retarget.o (_scanf_float)
[...]
Memory Configuration

Name             Origin             Length             Attributes
ram              0x08024000         0x00023800         xrw
flash            0x10080000         0x00080000         xr
em_eeprom        0x14000000         0x00008000         xr
sflash_user_data 0x16000800         0x00000800         xr
sflash_nar       0x16001a00         0x00000200         xr
sflash_public_key 0x16005a00         0x00000c00         xr
sflash_toc_2     0x16007c00         0x00000200         xr
sflash_rtoc_2    0x16007e00         0x00000200         xr
xip              0x18000000         0x08000000         xr
efuse            0x90700000         0x00100000         r
*default*        0x00000000         0xffffffff

Linker script and memory map

LOAD c:/program files (x86)/cypress/psoc creator/4.3/psoc creator/import/gnu/arm/5.4.1/bin/../lib/gcc/arm-none-eabi/5.4.1/armv7e-m/softfp/crti.o
LOAD c:/program files (x86)/cypress/psoc creator/4.3/psoc creator/import/gnu/arm/5.4.1/bin/../lib/gcc/arm-none-eabi/5.4.1/armv7e-m/softfp/crtbegin.o
LOAD c:/program files (x86)/cypress/psoc creator/4.3/psoc creator/import/gnu/arm/5.4.1/bin/../lib/gcc/arm-none-eabi/5.4.1/../../../../arm-none-eabi/lib/armv7e-m/softfp/crt0.o
START GROUP
LOAD .\CortexM4\ARM_GCC_541\Debug\startup_psoc6_01_cm4.o
LOAD .\CortexM4\ARM_GCC_541\Debug\main_cm4.o
LOAD .\CortexM4\ARM_GCC_541\Debug\system_psoc6_cm4.o
LOAD .\CortexM4\ARM_GCC_541\Debug\stdio_user.o
LOAD .\CortexM4\ARM_GCC_541\Debug\cyfitter_sysint_cfg.o
LOAD .\CortexM4\ARM_GCC_541\Debug\cymetadata.o
LOAD .\CortexM4\ARM_GCC_541\Debug\cy_efuse.o
LOAD .\CortexM4\ARM_GCC_541\Debug\cy_flash.o
LOAD .\CortexM4\ARM_GCC_541\Debug\cy_gpio.o
LOAD .\CortexM4\ARM_GCC_541\Debug\cy_ipc_drv.o
LOAD .\CortexM4\ARM_GCC_541\Debug\cy_ipc_sema.o
LOAD .\CortexM4\ARM_GCC_541\Debug\cy_ipc_pipe.o
LOAD .\CortexM4\ARM_GCC_541\Debug\cy_lvd.o
LOAD .\CortexM4\ARM_GCC_541\Debug\cy_profile.o
LOAD .\CortexM4\ARM_GCC_541\Debug\cy_prot.o
LOAD .\CortexM4\ARM_GCC_541\Debug\cy_sysanalog.o
LOAD .\CortexM4\ARM_GCC_541\Debug\cy_sysclk.o
LOAD .\CortexM4\ARM_GCC_541\Debug\cy_sysint.o
LOAD .\CortexM4\ARM_GCC_541\Debug\cy_syslib.o
LOAD .\CortexM4\ARM_GCC_541\Debug\cy_syslib_gcc.o
LOAD .\CortexM4\ARM_GCC_541\Debug\cy_syspm.o
LOAD .\CortexM4\ARM_GCC_541\Debug\cy_systick.o
LOAD .\CortexM4\ARM_GCC_541\Debug\cy_trigmux.o
LOAD .\CortexM4\ARM_GCC_541\Debug\cy_wdt.o
LOAD .\CortexM4\ARM_GCC_541\Debug\cy_device.o
LOAD .\CortexM4\ARM_GCC_541\Debug\cy_sar.o
LOAD .\CortexM4\ARM_GCC_541\Debug\cy_scb_common.o
LOAD .\CortexM4\ARM_GCC_541\Debug\cy_scb_i2c.o
LOAD .\CortexM4\ARM_GCC_541\Debug\cy_scb_ezi2c.o
LOAD .\CortexM4\ARM_GCC_541\Debug\cy_scb_spi.o
LOAD .\CortexM4\ARM_GCC_541\Debug\cy_scb_uart.o
LOAD .\CortexM4\ARM_GCC_541\Debug\cy_ctb.o
LOAD .\CortexM4\ARM_GCC_541\Debug\cy_ctdac.o
LOAD .\CortexM4\ARM_GCC_541\Debug\cy_ble_clk.o
LOAD .\CortexM4\ARM_GCC_541\Debug\retarget.o
LOAD .\CortexM4\ARM_GCC_541\Debug\ADC.o
LOAD .\CortexM4\ARM_GCC_541\Debug\ADC_INT.o
LOAD .\CortexM4\ARM_GCC_541\Debug\ADC_INIT.o
LOAD .\CortexM4\ARM_GCC_541\Debug\ADC_PM.o
LOAD .\CortexM4\ARM_GCC_541\Debug\UART.o
LOAD .\CortexM4\ARM_GCC_541\Debug\CapSense_Control.o
LOAD .\CortexM4\ARM_GCC_541\Debug\CapSense_Processing.o
LOAD .\CortexM4\ARM_GCC_541\Debug\CapSense_Structure.o
LOAD .\CortexM4\ARM_GCC_541\Debug\CapSense_Tuner.o
LOAD .\CortexM4\ARM_GCC_541\Debug\CapSense_Filter.o
LOAD .\CortexM4\ARM_GCC_541\Debug\CapSense_Sensing.o
LOAD .\CortexM4\ARM_GCC_541\Debug\CapSense_SensingCSX_LL.o
LOAD .\CortexM4\ARM_GCC_541\Debug\VDAC_1.o
LOAD C:\Program Files (x86)\Cypress\PSoC Creator\4.3\PSoC Creator\psoc\content\CyComponentLibrary\CyComponentLibrary.cylib\CapSense_v3_0\Library\CapSense_Library_GCC_M4.a
END GROUP
START GROUP
LOAD c:/program files (x86)/cypress/psoc creator/4.3/psoc creator/import/gnu/arm/5.4.1/bin/../lib/gcc/arm-none-eabi/5.4.1/armv7e-m/softfp\libgcc.a
LOAD c:/program files (x86)/cypress/psoc creator/4.3/psoc creator/import/gnu/arm/5.4.1/bin/../lib/gcc/arm-none-eabi/5.4.1/../../../../arm-none-eabi/lib/armv7e-m/softfp\libg_nano.a
LOAD c:/program files (x86)/cypress/psoc creator/4.3/psoc creator/import/gnu/arm/5.4.1/bin/../lib/gcc/arm-none-eabi/5.4.1/../../../../arm-none-eabi/lib/armv7e-m/softfp\libc_nano.a
END GROUP
START GROUP
LOAD c:/program files (x86)/cypress/psoc creator/4.3/psoc creator/import/gnu/arm/5.4.1/bin/../lib/gcc/arm-none-eabi/5.4.1/armv7e-m/softfp\libgcc.a
LOAD c:/program files (x86)/cypress/psoc creator/4.3/psoc creator/import/gnu/arm/5.4.1/bin/../lib/gcc/arm-none-eabi/5.4.1/../../../../arm-none-eabi/lib/armv7e-m/softfp\libc_nano.a
END GROUP
LOAD c:/program files (x86)/cypress/psoc creator/4.3/psoc creator/import/gnu/arm/5.4.1/bin/../lib/gcc/arm-none-eabi/5.4.1/armv7e-m/softfp/crtend.o
LOAD c:/program files (x86)/cypress/psoc creator/4.3/psoc creator/import/gnu/arm/5.4.1/bin/../lib/gcc/arm-none-eabi/5.4.1/armv7e-m/softfp/crtn.o
START GROUP
LOAD c:/program files (x86)/cypress/psoc creator/4.3/psoc creator/import/gnu/arm/5.4.1/bin/../lib/gcc/arm-none-eabi/5.4.1/armv7e-m/softfp\libgcc.a
LOAD c:/program files (x86)/cypress/psoc creator/4.3/psoc creator/import/gnu/arm/5.4.1/bin/../lib/gcc/arm-none-eabi/5.4.1/../../../../arm-none-eabi/lib/armv7e-m/softfp\libc.a
LOAD c:/program files (x86)/cypress/psoc creator/4.3/psoc creator/import/gnu/arm/5.4.1/bin/../lib/gcc/arm-none-eabi/5.4.1/../../../../arm-none-eabi/lib/armv7e-m/softfp\libnosys.a
END GROUP
START GROUP
LOAD c:/program files (x86)/cypress/psoc creator/4.3/psoc creator/import/gnu/arm/5.4.1/bin/../lib/gcc/arm-none-eabi/5.4.1/armv7e-m/softfp\libgcc.a
LOAD c:/program files (x86)/cypress/psoc creator/4.3/psoc creator/import/gnu/arm/5.4.1/bin/../lib/gcc/arm-none-eabi/5.4.1/../../../../arm-none-eabi/lib/armv7e-m/softfp\libc.a
LOAD c:/program files (x86)/cypress/psoc creator/4.3/psoc creator/import/gnu/arm/5.4.1/bin/../lib/gcc/arm-none-eabi/5.4.1/../../../../arm-none-eabi/lib/armv7e-m/softfp\libm.a
LOAD c:/program files (x86)/cypress/psoc creator/4.3/psoc creator/import/gnu/arm/5.4.1/bin/../lib/gcc/arm-none-eabi/5.4.1/../../../../arm-none-eabi/lib/armv7e-m/softfp\libnosys.a
END GROUP

.text           0x10080000     0x7200
                0x10080000                . = ALIGN (0x4)
                0x10080000                __Vectors = .
 *(.vectors)
 .vectors       0x10080000      0x28c .\CortexM4\ARM_GCC_541\Debug\startup_psoc6_01_cm4.o
                0x1008028c                . = ALIGN (0x4)
                0x1008028c                __Vectors_End = .
                0x0000028c                __Vectors_Size = (__Vectors_End - __Vectors)
                0x1008028c                __end__ = .
                0x1008028c                . = ALIGN (0x4)
 *(.text*)
 .text          0x1008028c       0x5c c:/program files (x86)/cypress/psoc creator/4.3/psoc creator/import/gnu/arm/5.4.1/bin/../lib/gcc/arm-none-eabi/5.4.1/armv7e-m/softfp/crtbegin.o
 .text          0x100802e8       0x84 .\CortexM4\ARM_GCC_541\Debug\startup_psoc6_01_cm4.o
                0x100802e8                Cy_OnResetUser
                0x100802ea                Reset_Handler
                0x1008034c                cpuss_interrupts_ipc_6_IRQHandler
                0x1008034c                DebugMon_Handler
                0x1008034c                tcpwm_1_interrupts_11_IRQHandler
                0x1008034c                cpuss_interrupts_ipc_0_IRQHandler
                0x1008034c                tcpwm_1_interrupts_15_IRQHandler
                0x1008034c                ioss_interrupts_gpio_13_IRQHandler
                0x1008034c                tcpwm_1_interrupts_13_IRQHandler
                0x1008034c                cpuss_interrupts_dw1_8_IRQHandler
                0x1008034c                tcpwm_0_interrupts_0_IRQHandler
                0x1008034c                SysTick_Handler
                0x1008034c                cpuss_interrupt_fm_IRQHandler
                0x1008034c                cpuss_interrupts_ipc_7_IRQHandler
                0x1008034c                tcpwm_1_interrupts_14_IRQHandler
                0x1008034c                cpuss_interrupts_dw0_5_IRQHandler
                0x1008034c                tcpwm_1_interrupts_9_IRQHandler
                0x1008034c                cpuss_interrupts_cm0_cti_1_IRQHandler
                0x1008034c                tcpwm_1_interrupts_22_IRQHandler
                0x1008034c                cpuss_interrupts_dw0_4_IRQHandler
                0x1008034c                PendSV_Handler
                0x1008034c                NMI_Handler
                0x1008034c                cpuss_interrupts_dw1_12_IRQHandler
                0x1008034c                tcpwm_1_interrupts_12_IRQHandler
                0x1008034c                smif_interrupt_IRQHandler
                0x1008034c                tcpwm_1_interrupts_2_IRQHandler
                0x1008034c                cpuss_interrupts_ipc_13_IRQHandler
                0x1008034c                udb_interrupts_11_IRQHandler
                0x1008034c                tcpwm_1_interrupts_18_IRQHandler
                0x1008034c                cpuss_interrupts_dw0_11_IRQHandler
                0x1008034c                tcpwm_0_interrupts_2_IRQHandler
                0x1008034c                cpuss_interrupts_dw0_13_IRQHandler
                0x1008034c                udb_interrupts_2_IRQHandler
                0x1008034c                cpuss_interrupts_dw1_7_IRQHandler
                0x1008034c                ioss_interrupts_gpio_1_IRQHandler
                0x1008034c                ioss_interrupts_gpio_7_IRQHandler
                0x1008034c                scb_5_interrupt_IRQHandler
                0x1008034c                udb_interrupts_6_IRQHandler
                0x1008034c                cpuss_interrupts_fault_1_IRQHandler
                0x1008034c                cpuss_interrupts_ipc_4_IRQHandler
                0x1008034c                cpuss_interrupts_ipc_5_IRQHandler
                0x1008034c                cpuss_interrupts_dw1_10_IRQHandler
                0x1008034c                udb_interrupts_0_IRQHandler
                0x1008034c                tcpwm_1_interrupts_6_IRQHandler
                0x1008034c                scb_4_interrupt_IRQHandler
                0x1008034c                pass_interrupt_dacs_IRQHandler
                0x1008034c                ioss_interrupts_gpio_2_IRQHandler
                0x1008034c                cpuss_interrupts_dw1_9_IRQHandler
                0x1008034c                cpuss_interrupts_dw1_13_IRQHandler
                0x1008034c                scb_2_interrupt_IRQHandler
                0x1008034c                cpuss_interrupts_cm0_cti_0_IRQHandler
                0x1008034c                udb_interrupts_5_IRQHandler
                0x1008034c                srss_interrupt_IRQHandler
                0x1008034c                udb_interrupts_12_IRQHandler
                0x1008034c                scb_0_interrupt_IRQHandler
                0x1008034c                csd_interrupt_IRQHandler
                0x1008034c                udb_interrupts_1_IRQHandler
                0x1008034c                profile_interrupt_IRQHandler
                0x1008034c                tcpwm_1_interrupts_1_IRQHandler
                0x1008034c                cpuss_interrupts_ipc_12_IRQHandler
                0x1008034c                tcpwm_1_interrupts_3_IRQHandler
                0x1008034c                tcpwm_0_interrupts_7_IRQHandler
                0x1008034c                cpuss_interrupts_dw1_1_IRQHandler
                0x1008034c                cpuss_interrupts_dw1_0_IRQHandler
                0x1008034c                cpuss_interrupts_dw0_9_IRQHandler
                0x1008034c                lpcomp_interrupt_IRQHandler
                0x1008034c                tcpwm_1_interrupts_23_IRQHandler
                0x1008034c                udb_interrupts_4_IRQHandler
                0x1008034c                tcpwm_1_interrupts_20_IRQHandler
                0x1008034c                ioss_interrupt_gpio_IRQHandler
                0x1008034c                tcpwm_0_interrupts_1_IRQHandler
                0x1008034c                ioss_interrupts_gpio_8_IRQHandler
                0x1008034c                tcpwm_0_interrupts_6_IRQHandler
                0x1008034c                scb_7_interrupt_IRQHandler
                0x1008034c                tcpwm_1_interrupts_7_IRQHandler
                0x1008034c                cpuss_interrupts_ipc_11_IRQHandler
                0x1008034c                udb_interrupts_13_IRQHandler
                0x1008034c                cpuss_interrupts_dw0_15_IRQHandler
                0x1008034c                udb_interrupts_7_IRQHandler
                0x1008034c                cpuss_interrupts_dw1_6_IRQHandler
                0x1008034c                cpuss_interrupt_crypto_IRQHandler
                0x1008034c                scb_1_interrupt_IRQHandler
                0x1008034c                Default_Handler
                0x1008034c                usb_interrupt_hi_IRQHandler
                0x1008034c                tcpwm_1_interrupts_0_IRQHandler
                0x1008034c                udb_interrupts_9_IRQHandler
                0x1008034c                audioss_interrupt_pdm_IRQHandler
                0x1008034c                srss_interrupt_mcwdt_0_IRQHandler
                0x1008034c                scb_3_interrupt_IRQHandler
                0x1008034c                pass_interrupt_ctbs_IRQHandler
                0x1008034c                udb_interrupts_8_IRQHandler
                0x1008034c                ioss_interrupts_gpio_3_IRQHandler
                0x1008034c                scb_6_interrupt_IRQHandler
                0x1008034c                cpuss_interrupts_cm4_cti_0_IRQHandler
                0x1008034c                cpuss_interrupts_dw1_3_IRQHandler
                0x1008034c                pass_interrupt_sar_IRQHandler
                0x1008034c                ioss_interrupts_gpio_0_IRQHandler
                0x1008034c                ioss_interrupts_gpio_14_IRQHandler
                0x1008034c                tcpwm_0_interrupts_4_IRQHandler
                0x1008034c                udb_interrupts_3_IRQHandler
                0x1008034c                tcpwm_0_interrupts_5_IRQHandler
                0x1008034c                cpuss_interrupts_ipc_15_IRQHandler
                0x1008034c                cpuss_interrupts_cm4_cti_1_IRQHandler
                0x1008034c                scb_8_interrupt_IRQHandler
                0x1008034c                srss_interrupt_mcwdt_1_IRQHandler
                0x1008034c                cpuss_interrupts_dw1_2_IRQHandler
                0x1008034c                SVC_Handler
                0x1008034c                cpuss_interrupts_dw1_5_IRQHandler
                0x1008034c                cpuss_interrupts_ipc_1_IRQHandler
                0x1008034c                cpuss_interrupts_dw0_0_IRQHandler
                0x1008034c                ioss_interrupts_gpio_12_IRQHandler
                0x1008034c                cpuss_interrupts_ipc_3_IRQHandler
                0x1008034c                tcpwm_1_interrupts_17_IRQHandler
                0x1008034c                srss_interrupt_backup_IRQHandler
                0x1008034c                bless_interrupt_IRQHandler
                0x1008034c                cpuss_interrupts_ipc_10_IRQHandler
                0x1008034c                cpuss_interrupts_ipc_9_IRQHandler
                0x1008034c                cpuss_interrupts_dw0_14_IRQHandler
                0x1008034c                tcpwm_1_interrupts_4_IRQHandler
                0x1008034c                tcpwm_0_interrupts_3_IRQHandler
                0x1008034c                cpuss_interrupts_dw1_15_IRQHandler
                0x1008034c                ioss_interrupts_gpio_10_IRQHandler
                0x1008034c                udb_interrupts_10_IRQHandler
                0x1008034c                cpuss_interrupts_dw0_8_IRQHandler
                0x1008034c                ioss_interrupts_gpio_11_IRQHandler
                0x1008034c                cpuss_interrupts_ipc_14_IRQHandler
                0x1008034c                ioss_interrupts_gpio_5_IRQHandler
                0x1008034c                ioss_interrupts_gpio_4_IRQHandler
                0x1008034c                tcpwm_1_interrupts_8_IRQHandler
                0x1008034c                cpuss_interrupts_dw1_14_IRQHandler
                0x1008034c                usb_interrupt_med_IRQHandler
                0x1008034c                cpuss_interrupts_dw0_2_IRQHandler
                0x1008034c                tcpwm_1_interrupts_10_IRQHandler
                0x1008034c                cpuss_interrupts_fault_0_IRQHandler
                0x1008034c                cpuss_interrupts_dw0_12_IRQHandler
                0x1008034c                ioss_interrupts_gpio_6_IRQHandler
                0x1008034c                tcpwm_1_interrupts_21_IRQHandler
                0x1008034c                tcpwm_1_interrupts_16_IRQHandler
                0x1008034c                cpuss_interrupts_dw1_4_IRQHandler
                0x1008034c                udb_interrupts_15_IRQHandler
                0x1008034c                cpuss_interrupts_dw1_11_IRQHandler
                0x1008034c                cpuss_interrupts_dw0_6_IRQHandler
                0x1008034c                ioss_interrupt_vdd_IRQHandler
                0x1008034c                cpuss_interrupts_dw0_7_IRQHandler
                0x1008034c                audioss_interrupt_i2s_IRQHandler
                0x1008034c                tcpwm_1_interrupts_5_IRQHandler
                0x1008034c                cpuss_interrupts_ipc_2_IRQHandler
                0x1008034c                cpuss_interrupts_dw0_10_IRQHandler
                0x1008034c                tcpwm_1_interrupts_19_IRQHandler
                0x1008034c                cpuss_interrupts_dw0_1_IRQHandler
                0x1008034c                ioss_interrupts_gpio_9_IRQHandler
                0x1008034c                usb_interrupt_lo_IRQHandler
                0x1008034c                cpuss_interrupts_ipc_8_IRQHandler
                0x1008034c                udb_interrupts_14_IRQHandler
                0x1008034c                cpuss_interrupts_dw0_3_IRQHandler
                0x10080350                UsageFault_Handler
                0x10080350                HardFault_Handler
                0x10080350                MemManage_Handler
                0x10080350                BusFault_Handler
 .text.get_codes
                0x1008036c       0x70 .\CortexM4\ARM_GCC_541\Debug\main_cm4.o
                0x1008036c                get_codes
 .text.transform_codes
                0x100803dc       0x94 .\CortexM4\ARM_GCC_541\Debug\main_cm4.o
                0x100803dc                transform_codes
 .text.write_voice
                0x10080470       0x38 .\CortexM4\ARM_GCC_541\Debug\main_cm4.o
                0x10080470                write_voice
 .text.play_voice
                0x100804a8       0x64 .\CortexM4\ARM_GCC_541\Debug\main_cm4.o
                0x100804a8                play_voice
 .text.no_recording_handler
                0x1008050c       0x30 .\CortexM4\ARM_GCC_541\Debug\main_cm4.o
                0x1008050c                no_recording_handler
 .text.main     0x1008053c       0x70 .\CortexM4\ARM_GCC_541\Debug\main_cm4.o
                0x1008053c                main
 .text.Cy_SysIpcPipeIsrCm4
                0x100805ac        0xc .\CortexM4\ARM_GCC_541\Debug\system_psoc6_cm4.o
                0x100805ac                Cy_SysIpcPipeIsrCm4
 .text.Cy_SystemInit
                0x100805b8        0x4 .\CortexM4\ARM_GCC_541\Debug\system_psoc6_cm4.o
                0x100805b8                Cy_SystemInit
 .text.SystemCoreClockUpdate
                0x100805bc      0x190 .\CortexM4\ARM_GCC_541\Debug\system_psoc6_cm4.o
                0x100805bc                SystemCoreClockUpdate
 .text.SystemInit
                0x1008074c       0x48 .\CortexM4\ARM_GCC_541\Debug\system_psoc6_cm4.o
                0x1008074c                SystemInit
 .text.Cy_SystemInitFpuEnable
                0x10080794       0x28 .\CortexM4\ARM_GCC_541\Debug\system_psoc6_cm4.o
                0x10080794                Cy_SystemInitFpuEnable
 .text.STDIO_PutChar
                0x100807bc       0x18 .\CortexM4\ARM_GCC_541\Debug\stdio_user.o
                0x100807bc                STDIO_PutChar
 .text.STDIO_GetChar
                0x100807d4       0x1c .\CortexM4\ARM_GCC_541\Debug\stdio_user.o
                0x100807d4                STDIO_GetChar
 .text.Cy_Flash_ProcessOpcode
                0x100807f0       0xac .\CortexM4\ARM_GCC_541\Debug\cy_flash.o
 .text.Cy_Flash_OperationStatus
                0x1008089c       0x5c .\CortexM4\ARM_GCC_541\Debug\cy_flash.o
 .text.Cy_Flash_InitExt
                0x100808f8       0x80 .\CortexM4\ARM_GCC_541\Debug\cy_flash.o
                0x100808f8                Cy_Flash_InitExt
 .text.Cy_Flash_Init
                0x10080978       0x10 .\CortexM4\ARM_GCC_541\Debug\cy_flash.o
                0x10080978                Cy_Flash_Init
 .text.Cy_GPIO_Pin_FastInit
                0x10080988       0xf8 .\CortexM4\ARM_GCC_541\Debug\cy_gpio.o
                0x10080988                Cy_GPIO_Pin_FastInit
 .text.Cy_IPC_Drv_LockRelease
                0x10080a80       0x3c .\CortexM4\ARM_GCC_541\Debug\cy_ipc_drv.o
                0x10080a80                Cy_IPC_Drv_LockRelease
 .text.Cy_IPC_Drv_SendMsgWord
                0x10080abc       0x3c .\CortexM4\ARM_GCC_541\Debug\cy_ipc_drv.o
                0x10080abc                Cy_IPC_Drv_SendMsgWord
 .text.Cy_IPC_Drv_ReadMsgWord
                0x10080af8       0x38 .\CortexM4\ARM_GCC_541\Debug\cy_ipc_drv.o
                0x10080af8                Cy_IPC_Drv_ReadMsgWord
 .text.Cy_IPC_Sema_InitExt
                0x10080b30       0xac .\CortexM4\ARM_GCC_541\Debug\cy_ipc_sema.o
                0x10080b30                Cy_IPC_Sema_InitExt
 .text.Cy_IPC_Sema_Init
                0x10080bdc       0x64 .\CortexM4\ARM_GCC_541\Debug\cy_ipc_sema.o
                0x10080bdc                Cy_IPC_Sema_Init
 .text.Cy_IPC_Sema_Clear
                0x10080c40       0x88 .\CortexM4\ARM_GCC_541\Debug\cy_ipc_sema.o
                0x10080c40                Cy_IPC_Sema_Clear
 .text.Cy_IPC_Sema_Status
                0x10080cc8       0x40 .\CortexM4\ARM_GCC_541\Debug\cy_ipc_sema.o
                0x10080cc8                Cy_IPC_Sema_Status
 .text.Cy_IPC_Pipe_Config
                0x10080d08       0x10 .\CortexM4\ARM_GCC_541\Debug\cy_ipc_pipe.o
                0x10080d08                Cy_IPC_Pipe_Config
 .text.Cy_IPC_Pipe_EndpointInit
                0x10080d18       0xd0 .\CortexM4\ARM_GCC_541\Debug\cy_ipc_pipe.o
                0x10080d18                Cy_IPC_Pipe_EndpointInit
 .text.Cy_IPC_Pipe_Init
                0x10080de8       0xb4 .\CortexM4\ARM_GCC_541\Debug\cy_ipc_pipe.o
                0x10080de8                Cy_IPC_Pipe_Init
 .text.Cy_IPC_Pipe_SendMessage
                0x10080e9c       0xa4 .\CortexM4\ARM_GCC_541\Debug\cy_ipc_pipe.o
                0x10080e9c                Cy_IPC_Pipe_SendMessage
 .text.Cy_IPC_Pipe_RegisterCallback
                0x10080f40       0x50 .\CortexM4\ARM_GCC_541\Debug\cy_ipc_pipe.o
                0x10080f40                Cy_IPC_Pipe_RegisterCallback
 .text.Cy_IPC_Pipe_ExecCallback
                0x10080f90       0xbc .\CortexM4\ARM_GCC_541\Debug\cy_ipc_pipe.o
                0x10080f90                Cy_IPC_Pipe_ExecCallback
 .text.Cy_IPC_Pipe_ExecuteCallback
                0x1008104c       0x2c .\CortexM4\ARM_GCC_541\Debug\cy_ipc_pipe.o
                0x1008104c                Cy_IPC_Pipe_ExecuteCallback
 .text.Cy_SysInt_SetVector
                0x10081078       0x48 .\CortexM4\ARM_GCC_541\Debug\cy_sysint.o
                0x10081078                Cy_SysInt_SetVector
 .text.Cy_SysInt_Init
                0x100810c0       0x74 .\CortexM4\ARM_GCC_541\Debug\cy_sysint.o
                0x100810c0                Cy_SysInt_Init
 .text.Cy_SysLib_Delay
                0x10081134       0x30 .\CortexM4\ARM_GCC_541\Debug\cy_syslib.o
                0x10081134                Cy_SysLib_Delay
 .text.Cy_SysLib_DelayUs
                0x10081164       0x14 .\CortexM4\ARM_GCC_541\Debug\cy_syslib.o
                0x10081164                Cy_SysLib_DelayUs
 .text.Cy_SysLib_Halt
                0x10081178        0x4 .\CortexM4\ARM_GCC_541\Debug\cy_syslib.o
                0x10081178                Cy_SysLib_Halt
 .text.Cy_SysLib_AssertFailed
                0x1008117c       0x1c .\CortexM4\ARM_GCC_541\Debug\cy_syslib.o
                0x1008117c                Cy_SysLib_AssertFailed
 .text.Cy_SysLib_ProcessingFault
                0x10081198        0x4 .\CortexM4\ARM_GCC_541\Debug\cy_syslib.o
                0x10081198                Cy_SysLib_ProcessingFault
 .text.Cy_SysLib_FaultHandler
                0x1008119c       0xa4 .\CortexM4\ARM_GCC_541\Debug\cy_syslib.o
                0x1008119c                Cy_SysLib_FaultHandler
 .text          0x10081240       0x20 .\CortexM4\ARM_GCC_541\Debug\cy_syslib_gcc.o
                0x10081240                Cy_SysLib_DelayCycles
                0x10081252                Cy_SysLib_EnterCriticalSection
                0x1008125a                Cy_SysLib_ExitCriticalSection
 .text.Cy_PDL_Init
                0x10081260        0xc .\CortexM4\ARM_GCC_541\Debug\cy_device.o
                0x10081260                Cy_PDL_Init
 .text.Cy_SAR_Init
                0x1008126c      0x200 .\CortexM4\ARM_GCC_541\Debug\cy_sar.o
                0x1008126c                Cy_SAR_Init
 .text.Cy_SAR_DeInit
                0x1008146c       0x70 .\CortexM4\ARM_GCC_541\Debug\cy_sar.o
                0x1008146c                Cy_SAR_DeInit
 .text.Cy_SAR_Enable
                0x100814dc       0x20 .\CortexM4\ARM_GCC_541\Debug\cy_sar.o
                0x100814dc                Cy_SAR_Enable
 .text.Cy_SAR_StartConvert
                0x100814fc       0x2c .\CortexM4\ARM_GCC_541\Debug\cy_sar.o
                0x100814fc                Cy_SAR_StartConvert
 .text.Cy_SAR_StopConvert
                0x10081528       0x14 .\CortexM4\ARM_GCC_541\Debug\cy_sar.o
                0x10081528                Cy_SAR_StopConvert
 .text.Cy_SAR_IsEndConversion
                0x1008153c       0x64 .\CortexM4\ARM_GCC_541\Debug\cy_sar.o
                0x1008153c                Cy_SAR_IsEndConversion
 .text.Cy_SAR_GetResult16
                0x100815a0       0x2c .\CortexM4\ARM_GCC_541\Debug\cy_sar.o
                0x100815a0                Cy_SAR_GetResult16
 .text.Cy_SCB_ReadArrayNoCheck
                0x100815cc       0x38 .\CortexM4\ARM_GCC_541\Debug\cy_scb_common.o
                0x100815cc                Cy_SCB_ReadArrayNoCheck
 .text.Cy_SCB_ReadArray
                0x10081604       0x1c .\CortexM4\ARM_GCC_541\Debug\cy_scb_common.o
                0x10081604                Cy_SCB_ReadArray
 .text.Cy_SCB_Write
                0x10081620       0x28 .\CortexM4\ARM_GCC_541\Debug\cy_scb_common.o
                0x10081620                Cy_SCB_Write
 .text.Cy_SCB_WriteArrayNoCheck
                0x10081648       0x38 .\CortexM4\ARM_GCC_541\Debug\cy_scb_common.o
                0x10081648                Cy_SCB_WriteArrayNoCheck
 .text.Cy_SCB_WriteArray
                0x10081680       0x2c .\CortexM4\ARM_GCC_541\Debug\cy_scb_common.o
                0x10081680                Cy_SCB_WriteArray
 .text.HandleDataTransmit
                0x100816ac       0xdc .\CortexM4\ARM_GCC_541\Debug\cy_scb_uart.o
 .text.HandleDataReceive
                0x10081788       0xf8 .\CortexM4\ARM_GCC_541\Debug\cy_scb_uart.o
 .text.Cy_SCB_UART_Init
                0x10081880      0x364 .\CortexM4\ARM_GCC_541\Debug\cy_scb_uart.o
                0x10081880                Cy_SCB_UART_Init
 .text.Cy_SCB_UART_GetNumInRingBuffer
                0x10081be4       0x18 .\CortexM4\ARM_GCC_541\Debug\cy_scb_uart.o
                0x10081be4                Cy_SCB_UART_GetNumInRingBuffer
 .text.HandleRingBuffer
                0x10081bfc       0xcc .\CortexM4\ARM_GCC_541\Debug\cy_scb_uart.o
 .text.Cy_SCB_UART_Interrupt
                0x10081cc8       0xe8 .\CortexM4\ARM_GCC_541\Debug\cy_scb_uart.o
                0x10081cc8                Cy_SCB_UART_Interrupt
 .text.Cy_CTDAC_ConfigureClock
                0x10081db0      0x3cc .\CortexM4\ARM_GCC_541\Debug\cy_ctdac.o
 .text.Cy_CTDAC_Init
                0x1008217c      0x168 .\CortexM4\ARM_GCC_541\Debug\cy_ctdac.o
                0x1008217c                Cy_CTDAC_Init
 .text._write   0x100822e4       0x24 .\CortexM4\ARM_GCC_541\Debug\retarget.o
                0x100822e4                _write
 .text._read    0x10082308       0x2c .\CortexM4\ARM_GCC_541\Debug\retarget.o
                0x10082308                _read
 .text.ADC_InitConfig
                0x10082334       0x88 .\CortexM4\ARM_GCC_541\Debug\ADC.o
                0x10082334                ADC_InitConfig
 .text.ADC_StartConvert
                0x100823bc       0x24 .\CortexM4\ARM_GCC_541\Debug\ADC.o
                0x100823bc                ADC_StartConvert
 .text.ADC_IsEndConversion
                0x100823e0       0x18 .\CortexM4\ARM_GCC_541\Debug\ADC.o
                0x100823e0                ADC_IsEndConversion
 .text.ADC_Init
                0x100823f8       0x34 .\CortexM4\ARM_GCC_541\Debug\ADC.o
                0x100823f8                ADC_Init
 .text.ADC_Start
                0x1008242c       0x2c .\CortexM4\ARM_GCC_541\Debug\ADC.o
                0x1008242c                ADC_Start
 .text.ADC_ISR  0x10082458       0x30 .\CortexM4\ARM_GCC_541\Debug\ADC_INT.o
                0x10082458                ADC_ISR
 .text.UART_Interrupt
                0x10082488       0x14 .\CortexM4\ARM_GCC_541\Debug\UART.o
 .text.UART_Start
                0x1008249c       0x64 .\CortexM4\ARM_GCC_541\Debug\UART.o
                0x1008249c                UART_Start
 .text.CapSense_Initialize
                0x10082500       0x24 .\CortexM4\ARM_GCC_541\Debug\CapSense_Control.o
                0x10082500                CapSense_Initialize
 .text.CapSense_Start
                0x10082524       0x2c .\CortexM4\ARM_GCC_541\Debug\CapSense_Control.o
                0x10082524                CapSense_Start
 .text.CapSense_ProcessAllWidgets
                0x10082550       0x44 .\CortexM4\ARM_GCC_541\Debug\CapSense_Control.o
                0x10082550                CapSense_ProcessAllWidgets
 .text.CapSense_DpInitialize
                0x10082594       0x58 .\CortexM4\ARM_GCC_541\Debug\CapSense_Processing.o
                0x10082594                CapSense_DpInitialize
 .text.CapSense_DpUpdateDifferences
                0x100825ec       0x18 .\CortexM4\ARM_GCC_541\Debug\CapSense_Processing.o
                0x100825ec                CapSense_DpUpdateDifferences
 .text.CapSense_DpProcessCsxWidgetRawCounts
                0x10082604       0x38 .\CortexM4\ARM_GCC_541\Debug\CapSense_Processing.o
                0x10082604                CapSense_DpProcessCsxWidgetRawCounts
 .text.CapSense_DpProcessButton
                0x1008263c       0x64 .\CortexM4\ARM_GCC_541\Debug\CapSense_Processing.o
                0x1008263c                CapSense_DpProcessButton
 .text.CapSense_DpProcessCsxWidgetStatus
                0x100826a0       0x64 .\CortexM4\ARM_GCC_541\Debug\CapSense_Processing.o
                0x100826a0                CapSense_DpProcessCsxWidgetStatus
 .text.CapSense_DsInitialize
                0x10082704       0x80 .\CortexM4\ARM_GCC_541\Debug\CapSense_Structure.o
                0x10082704                CapSense_DsInitialize
 .text.CapSense_IsWidgetActive
                0x10082784       0x28 .\CortexM4\ARM_GCC_541\Debug\CapSense_Structure.o
                0x10082784                CapSense_IsWidgetActive
 .text.CapSense_TuInitialize
                0x100827ac       0x14 .\CortexM4\ARM_GCC_541\Debug\CapSense_Tuner.o
                0x100827ac                CapSense_TuInitialize
 .text.CapSense_FtInitialize
                0x100827c0        0x4 .\CortexM4\ARM_GCC_541\Debug\CapSense_Filter.o
                0x100827c0                CapSense_FtInitialize
 .text.CapSense_FtInitializeBaselineChannel
                0x100827c4       0x20 .\CortexM4\ARM_GCC_541\Debug\CapSense_Filter.o
                0x100827c4                CapSense_FtInitializeBaselineChannel
 .text.CapSense_FtInitializeBaseline
                0x100827e4       0x20 .\CortexM4\ARM_GCC_541\Debug\CapSense_Filter.o
                0x100827e4                CapSense_FtInitializeBaseline
 .text.CapSense_InitializeSensorBaseline
                0x10082804       0x20 .\CortexM4\ARM_GCC_541\Debug\CapSense_Filter.o
                0x10082804                CapSense_InitializeSensorBaseline
 .text.CapSense_InitializeWidgetBaseline
                0x10082824       0x24 .\CortexM4\ARM_GCC_541\Debug\CapSense_Filter.o
                0x10082824                CapSense_InitializeWidgetBaseline
 .text.CapSense_InitializeAllBaselines
                0x10082848       0x18 .\CortexM4\ARM_GCC_541\Debug\CapSense_Filter.o
                0x10082848                CapSense_InitializeAllBaselines
 .text.CapSense_FtIIR1stOrder
                0x10082860       0x14 .\CortexM4\ARM_GCC_541\Debug\CapSense_Filter.o
                0x10082860                CapSense_FtIIR1stOrder
 .text.CapSense_FtUpdateBaseline
                0x10082874       0xa0 .\CortexM4\ARM_GCC_541\Debug\CapSense_Filter.o
                0x10082874                CapSense_FtUpdateBaseline
 .text.CapSense_SsCalcLfsrSize
                0x10082914       0xb0 .\CortexM4\ARM_GCC_541\Debug\CapSense_Sensing.o
 .text.CapSense_SsCalcLfsrScale
                0x100829c4       0x38 .\CortexM4\ARM_GCC_541\Debug\CapSense_Sensing.o
 .text.CapSense_IsBusy
                0x100829fc       0x10 .\CortexM4\ARM_GCC_541\Debug\CapSense_Sensing.o
                0x100829fc                CapSense_IsBusy
 .text.CapSense_SetBusyFlags
                0x10082a0c       0x18 .\CortexM4\ARM_GCC_541\Debug\CapSense_Sensing.o
                0x10082a0c                CapSense_SetBusyFlags
 .text.CapSense_ClrBusyFlags
                0x10082a24       0x18 .\CortexM4\ARM_GCC_541\Debug\CapSense_Sensing.o
                0x10082a24                CapSense_ClrBusyFlags
 .text.CapSense_SetupWidget
                0x10082a3c       0x44 .\CortexM4\ARM_GCC_541\Debug\CapSense_Sensing.o
                0x10082a3c                CapSense_SetupWidget
 .text.CapSense_Scan
                0x10082a80       0x1c .\CortexM4\ARM_GCC_541\Debug\CapSense_Sensing.o
                0x10082a80                CapSense_Scan
 .text.CapSense_ScanAllWidgets
                0x10082a9c       0x50 .\CortexM4\ARM_GCC_541\Debug\CapSense_Sensing.o
                0x10082a9c                CapSense_ScanAllWidgets
 .text.CapSense_SsSetIOsInDefaultState
                0x10082aec       0x28 .\CortexM4\ARM_GCC_541\Debug\CapSense_Sensing.o
                0x10082aec                CapSense_SsSetIOsInDefaultState
 .text.CapSense_SsPostAllWidgetsScan
                0x10082b14       0x78 .\CortexM4\ARM_GCC_541\Debug\CapSense_Sensing.o
                0x10082b14                CapSense_SsPostAllWidgetsScan
 .text.CapSense_SsIsrInitialize
                0x10082b8c       0x58 .\CortexM4\ARM_GCC_541\Debug\CapSense_Sensing.o
                0x10082b8c                CapSense_SsIsrInitialize
 .text.CapSense_CalibrateWidget
                0x10082be4       0x18 .\CortexM4\ARM_GCC_541\Debug\CapSense_Sensing.o
                0x10082be4                CapSense_CalibrateWidget
 .text.CapSense_CalibrateAllWidgets
                0x10082bfc       0x1c .\CortexM4\ARM_GCC_541\Debug\CapSense_Sensing.o
                0x10082bfc                CapSense_CalibrateAllWidgets
 .text.CapSense_SsInitializeSourceSenseClk
                0x10082c18       0x3c .\CortexM4\ARM_GCC_541\Debug\CapSense_Sensing.o
                0x10082c18                CapSense_SsInitializeSourceSenseClk
 .text.CapSense_SsInitialize
                0x10082c54       0x14 .\CortexM4\ARM_GCC_541\Debug\CapSense_Sensing.o
                0x10082c54                CapSense_SsInitialize
 .text.CapSense_BistDischargeExtCapacitors
                0x10082c68       0x88 .\CortexM4\ARM_GCC_541\Debug\CapSense_Sensing.o
                0x10082c68                CapSense_BistDischargeExtCapacitors
 .text.CapSense_SsCalcCsxScanPeriod
                0x10082cf0       0x10 .\CortexM4\ARM_GCC_541\Debug\CapSense_SensingCSX_LL.o
 .text.CapSense_CSXScanISR
                0x10082d00       0xd0 .\CortexM4\ARM_GCC_541\Debug\CapSense_SensingCSX_LL.o
                0x10082d00                CapSense_CSXScanISR
 .text.CapSense_SsCSXStartSample
                0x10082dd0      0x14c .\CortexM4\ARM_GCC_541\Debug\CapSense_SensingCSX_LL.o
 .text.CapSense_CSXInitialize
                0x10082f1c      0x15c .\CortexM4\ARM_GCC_541\Debug\CapSense_SensingCSX_LL.o
                0x10082f1c                CapSense_CSXInitialize
 .text.CapSense_CSXCalibrateWidget
                0x10083078       0xc4 .\CortexM4\ARM_GCC_541\Debug\CapSense_SensingCSX_LL.o
                0x10083078                CapSense_CSXCalibrateWidget
 .text.CapSense_CSXConnectTx
                0x1008313c       0xa0 .\CortexM4\ARM_GCC_541\Debug\CapSense_SensingCSX_LL.o
                0x1008313c                CapSense_CSXConnectTx
 .text.CapSense_CSXConnectRx
                0x100831dc       0x9c .\CortexM4\ARM_GCC_541\Debug\CapSense_SensingCSX_LL.o
                0x100831dc                CapSense_CSXConnectRx
 .text.CapSense_CSXScan
                0x10083278       0x60 .\CortexM4\ARM_GCC_541\Debug\CapSense_SensingCSX_LL.o
                0x10083278                CapSense_CSXScan
 .text.CapSense_CSXDisconnectTx
                0x100832d8       0x64 .\CortexM4\ARM_GCC_541\Debug\CapSense_SensingCSX_LL.o
                0x100832d8                CapSense_CSXDisconnectTx
 .text.CapSense_CSXDisconnectRx
                0x1008333c       0xac .\CortexM4\ARM_GCC_541\Debug\CapSense_SensingCSX_LL.o
                0x1008333c                CapSense_CSXDisconnectRx
 .text.CapSense_SsCSXPostMultiScan
                0x100833e8       0xd0 .\CortexM4\ARM_GCC_541\Debug\CapSense_SensingCSX_LL.o
 .text.CapSense_CSXElectrodeCheck
                0x100834b8       0x24 .\CortexM4\ARM_GCC_541\Debug\CapSense_SensingCSX_LL.o
                0x100834b8                CapSense_CSXElectrodeCheck
 .text.CapSense_CSXSetupWidget
                0x100834dc       0x84 .\CortexM4\ARM_GCC_541\Debug\CapSense_SensingCSX_LL.o
                0x100834dc                CapSense_CSXSetupWidget
 .text.CapSense_SsCSXGetTxClkDivider
                0x10083560       0x10 .\CortexM4\ARM_GCC_541\Debug\CapSense_SensingCSX_LL.o
                0x10083560                CapSense_SsCSXGetTxClkDivider
 .text.VDAC_1_Start
                0x10083570       0x30 .\CortexM4\ARM_GCC_541\Debug\VDAC_1.o
                0x10083570                VDAC_1_Start
 .text          0x100835a0      0x370 c:/program files (x86)/cypress/psoc creator/4.3/psoc creator/import/gnu/arm/5.4.1/bin/../lib/gcc/arm-none-eabi/5.4.1/armv7e-m/softfp\libgcc.a(_arm_addsubdf3.o)
                0x100835a0                __aeabi_drsub
                0x100835a8                __aeabi_dsub
                0x100835a8                __subdf3
                0x100835ac                __aeabi_dadd
                0x100835ac                __adddf3
                0x10083824                __floatunsidf
                0x10083824                __aeabi_ui2d
                0x10083844                __floatsidf
                0x10083844                __aeabi_i2d
                0x10083868                __aeabi_f2d
                0x10083868                __extendsfdf2
                0x100838a4                __floatundidf
                0x100838a4                __aeabi_ul2d
                0x100838b4                __floatdidf
                0x100838b4                __aeabi_l2d
 .text          0x10083910      0x424 c:/program files (x86)/cypress/psoc creator/4.3/psoc creator/import/gnu/arm/5.4.1/bin/../lib/gcc/arm-none-eabi/5.4.1/armv7e-m/softfp\libgcc.a(_arm_muldivdf3.o)
                0x10083910                __aeabi_dmul
                0x10083910                __muldf3
                0x10083b64                __divdf3
                0x10083b64                __aeabi_ddiv
 .text.memset   0x10083d34       0x10 c:/program files (x86)/cypress/psoc creator/4.3/psoc creator/import/gnu/arm/5.4.1/bin/../lib/gcc/arm-none-eabi/5.4.1/../../../../arm-none-eabi/lib/armv7e-m/softfp\libg_nano.a(lib_a-memset.o)
                0x10083d34                memset
 .text.__cvt    0x10083d44       0xc2 c:/program files (x86)/cypress/psoc creator/4.3/psoc creator/import/gnu/arm/5.4.1/bin/../lib/gcc/arm-none-eabi/5.4.1/../../../../arm-none-eabi/lib/armv7e-m/softfp\libg_nano.a(lib_a-nano-vfprintf_float.o)
                0x10083d44                __cvt
 .text.__exponent
                0x10083e06       0x60 c:/program files (x86)/cypress/psoc creator/4.3/psoc creator/import/gnu/arm/5.4.1/bin/../lib/gcc/arm-none-eabi/5.4.1/../../../../arm-none-eabi/lib/armv7e-m/softfp\libg_nano.a(lib_a-nano-vfprintf_float.o)
                0x10083e06                __exponent
 *fill*         0x10083e66        0x2 
 .text._printf_float
                0x10083e68      0x488 c:/program files (x86)/cypress/psoc creator/4.3/psoc creator/import/gnu/arm/5.4.1/bin/../lib/gcc/arm-none-eabi/5.4.1/../../../../arm-none-eabi/lib/armv7e-m/softfp\libg_nano.a(lib_a-nano-vfprintf_float.o)
                0x10083e68                _printf_float
 .text._printf_common
                0x100842f0       0xec c:/program files (x86)/cypress/psoc creator/4.3/psoc creator/import/gnu/arm/5.4.1/bin/../lib/gcc/arm-none-eabi/5.4.1/../../../../arm-none-eabi/lib/armv7e-m/softfp\libg_nano.a(lib_a-nano-vfprintf_i.o)
                0x100842f0                _printf_common
 .text._printf_i
                0x100843dc      0x24c c:/program files (x86)/cypress/psoc creator/4.3/psoc creator/import/gnu/arm/5.4.1/bin/../lib/gcc/arm-none-eabi/5.4.1/../../../../arm-none-eabi/lib/armv7e-m/softfp\libg_nano.a(lib_a-nano-vfprintf_i.o)
                0x100843dc                _printf_i
 .text.printf   0x10084628       0x30 c:/program files (x86)/cypress/psoc creator/4.3/psoc creator/import/gnu/arm/5.4.1/bin/../lib/gcc/arm-none-eabi/5.4.1/../../../../arm-none-eabi/lib/armv7e-m/softfp\libg_nano.a(lib_a-printf.o)
                0x10084628                iprintf
                0x10084628                printf
 .text._puts_r  0x10084658       0xb4 c:/program files (x86)/cypress/psoc creator/4.3/psoc creator/import/gnu/arm/5.4.1/bin/../lib/gcc/arm-none-eabi/5.4.1/../../../../arm-none-eabi/lib/armv7e-m/softfp\libg_nano.a(lib_a-puts.o)
                0x10084658                _puts_r
 .text.puts     0x1008470c       0x10 c:/program files (x86)/cypress/psoc creator/4.3/psoc creator/import/gnu/arm/5.4.1/bin/../lib/gcc/arm-none-eabi/5.4.1/../../../../arm-none-eabi/lib/armv7e-m/softfp\libg_nano.a(lib_a-puts.o)
                0x1008470c                puts
 .text.setvbuf  0x1008471c      0x154 c:/program files (x86)/cypress/psoc creator/4.3/psoc creator/import/gnu/arm/5.4.1/bin/../lib/gcc/arm-none-eabi/5.4.1/../../../../arm-none-eabi/lib/armv7e-m/softfp\libg_nano.a(lib_a-setvbuf.o)
                0x1008471c                setvbuf
 .text          0x10084870       0x10 c:/program files (x86)/cypress/psoc creator/4.3/psoc creator/import/gnu/arm/5.4.1/bin/../lib/gcc/arm-none-eabi/5.4.1/../../../../arm-none-eabi/lib/armv7e-m/softfp\libg_nano.a(lib_a-strlen.o)
                0x10084870                strlen
 .text.strncpy  0x10084880       0x26 c:/program files (x86)/cypress/psoc creator/4.3/psoc creator/import/gnu/arm/5.4.1/bin/../lib/gcc/arm-none-eabi/5.4.1/../../../../arm-none-eabi/lib/armv7e-m/softfp\libg_nano.a(lib_a-strncpy.o)
                0x10084880                strncpy
 *fill*         0x100848a6        0x2 
 .text.__swbuf_r
                0x100848a8       0xa8 c:/program files (x86)/cypress/psoc creator/4.3/psoc creator/import/gnu/arm/5.4.1/bin/../lib/gcc/arm-none-eabi/5.4.1/../../../../arm-none-eabi/lib/armv7e-m/softfp\libg_nano.a(lib_a-wbuf.o)
                0x100848a8                __swbuf_r
 .text.__swsetup_r
                0x10084950       0xdc c:/program files (x86)/cypress/psoc creator/4.3/psoc creator/import/gnu/arm/5.4.1/bin/../lib/gcc/arm-none-eabi/5.4.1/../../../../arm-none-eabi/lib/armv7e-m/softfp\libg_nano.a(lib_a-wsetup.o)
                0x10084950                __swsetup_r
 .text.quorem   0x10084a2c      0x11e c:/program files (x86)/cypress/psoc creator/4.3/psoc creator/import/gnu/arm/5.4.1/bin/../lib/gcc/arm-none-eabi/5.4.1/../../../../arm-none-eabi/lib/armv7e-m/softfp\libg_nano.a(lib_a-dtoa.o)
 *fill*         0x10084b4a        0x6 
 .text._dtoa_r  0x10084b50      0xb38 c:/program files (x86)/cypress/psoc creator/4.3/psoc creator/import/gnu/arm/5.4.1/bin/../lib/gcc/arm-none-eabi/5.4.1/../../../../arm-none-eabi/lib/armv7e-m/softfp\libg_nano.a(lib_a-dtoa.o)
                0x10084b50                _dtoa_r
 .text.__sflush_r
                0x10085688      0x110 c:/program files (x86)/cypress/psoc creator/4.3/psoc creator/import/gnu/arm/5.4.1/bin/../lib/gcc/arm-none-eabi/5.4.1/../../../../arm-none-eabi/lib/armv7e-m/softfp\libg_nano.a(lib_a-fflush.o)
                0x10085688                __sflush_r
 .text._fflush_r
                0x10085798       0x54 c:/program files (x86)/cypress/psoc creator/4.3/psoc creator/import/gnu/arm/5.4.1/bin/../lib/gcc/arm-none-eabi/5.4.1/../../../../arm-none-eabi/lib/armv7e-m/softfp\libg_nano.a(lib_a-fflush.o)
                0x10085798                _fflush_r
 .text._cleanup_r
                0x100857ec        0xc c:/program files (x86)/cypress/psoc creator/4.3/psoc creator/import/gnu/arm/5.4.1/bin/../lib/gcc/arm-none-eabi/5.4.1/../../../../arm-none-eabi/lib/armv7e-m/softfp\libg_nano.a(lib_a-findfp.o)
                0x100857ec                _cleanup_r
 .text.std.isra.0
                0x100857f8       0x48 c:/program files (x86)/cypress/psoc creator/4.3/psoc creator/import/gnu/arm/5.4.1/bin/../lib/gcc/arm-none-eabi/5.4.1/../../../../arm-none-eabi/lib/armv7e-m/softfp\libg_nano.a(lib_a-findfp.o)
 .text.__sfmoreglue
                0x10085840       0x2c c:/program files (x86)/cypress/psoc creator/4.3/psoc creator/import/gnu/arm/5.4.1/bin/../lib/gcc/arm-none-eabi/5.4.1/../../../../arm-none-eabi/lib/armv7e-m/softfp\libg_nano.a(lib_a-findfp.o)
                0x10085840                __sfmoreglue
 .text.__sinit  0x1008586c       0x60 c:/program files (x86)/cypress/psoc creator/4.3/psoc creator/import/gnu/arm/5.4.1/bin/../lib/gcc/arm-none-eabi/5.4.1/../../../../arm-none-eabi/lib/armv7e-m/softfp\libg_nano.a(lib_a-findfp.o)
                0x1008586c                __sinit
 .text.__sfp    0x100858cc       0x78 c:/program files (x86)/cypress/psoc creator/4.3/psoc creator/import/gnu/arm/5.4.1/bin/../lib/gcc/arm-none-eabi/5.4.1/../../../../arm-none-eabi/lib/armv7e-m/softfp\libg_nano.a(lib_a-findfp.o)
                0x100858cc                __sfp
 .text._fwalk_reent
                0x10085944       0x3c c:/program files (x86)/cypress/psoc creator/4.3/psoc creator/import/gnu/arm/5.4.1/bin/../lib/gcc/arm-none-eabi/5.4.1/../../../../arm-none-eabi/lib/armv7e-m/softfp\libg_nano.a(lib_a-fwalk.o)
                0x10085944                _fwalk_reent
 .text._localeconv_r
                0x10085980        0x8 c:/program files (x86)/cypress/psoc creator/4.3/psoc creator/import/gnu/arm/5.4.1/bin/../lib/gcc/arm-none-eabi/5.4.1/../../../../arm-none-eabi/lib/armv7e-m/softfp\libg_nano.a(lib_a-locale.o)
                0x10085980                _localeconv_r
 .text.__swhatbuf_r
                0x10085988       0x46 c:/program files (x86)/cypress/psoc creator/4.3/psoc creator/import/gnu/arm/5.4.1/bin/../lib/gcc/arm-none-eabi/5.4.1/../../../../arm-none-eabi/lib/armv7e-m/softfp\libg_nano.a(lib_a-makebuf.o)
                0x10085988                __swhatbuf_r
 *fill*         0x100859ce        0x2 
 .text.__smakebuf_r
                0x100859d0       0x78 c:/program files (x86)/cypress/psoc creator/4.3/psoc creator/import/gnu/arm/5.4.1/bin/../lib/gcc/arm-none-eabi/5.4.1/../../../../arm-none-eabi/lib/armv7e-m/softfp\libg_nano.a(lib_a-makebuf.o)
                0x100859d0                __smakebuf_r
 .text.malloc   0x10085a48       0x10 c:/program files (x86)/cypress/psoc creator/4.3/psoc creator/import/gnu/arm/5.4.1/bin/../lib/gcc/arm-none-eabi/5.4.1/../../../../arm-none-eabi/lib/armv7e-m/softfp\libg_nano.a(lib_a-malloc.o)
                0x10085a48                malloc
 *fill*         0x10085a58        0x8 
 .text          0x10085a60       0xa0 c:/program files (x86)/cypress/psoc creator/4.3/psoc creator/import/gnu/arm/5.4.1/bin/../lib/gcc/arm-none-eabi/5.4.1/../../../../arm-none-eabi/lib/armv7e-m/softfp\libg_nano.a(lib_a-memchr.o)
                0x10085a60                memchr
 .text.memcpy   0x10085b00       0x16 c:/program files (x86)/cypress/psoc creator/4.3/psoc creator/import/gnu/arm/5.4.1/bin/../lib/gcc/arm-none-eabi/5.4.1/../../../../arm-none-eabi/lib/armv7e-m/softfp\libg_nano.a(lib_a-memcpy-stub.o)
                0x10085b00                memcpy
 .text._Balloc  0x10085b16       0x6a c:/program files (x86)/cypress/psoc creator/4.3/psoc creator/import/gnu/arm/5.4.1/bin/../lib/gcc/arm-none-eabi/5.4.1/../../../../arm-none-eabi/lib/armv7e-m/softfp\libg_nano.a(lib_a-mprec.o)
                0x10085b16                _Balloc
 .text._Bfree   0x10085b80       0x2e c:/program files (x86)/cypress/psoc creator/4.3/psoc creator/import/gnu/arm/5.4.1/bin/../lib/gcc/arm-none-eabi/5.4.1/../../../../arm-none-eabi/lib/armv7e-m/softfp\libg_nano.a(lib_a-mprec.o)
                0x10085b80                _Bfree
 .text.__multadd
                0x10085bae       0x76 c:/program files (x86)/cypress/psoc creator/4.3/psoc creator/import/gnu/arm/5.4.1/bin/../lib/gcc/arm-none-eabi/5.4.1/../../../../arm-none-eabi/lib/armv7e-m/softfp\libg_nano.a(lib_a-mprec.o)
                0x10085bae                __multadd
 .text.__hi0bits
                0x10085c24       0x40 c:/program files (x86)/cypress/psoc creator/4.3/psoc creator/import/gnu/arm/5.4.1/bin/../lib/gcc/arm-none-eabi/5.4.1/../../../../arm-none-eabi/lib/armv7e-m/softfp\libg_nano.a(lib_a-mprec.o)
                0x10085c24                __hi0bits
 .text.__lo0bits
                0x10085c64       0x5a c:/program files (x86)/cypress/psoc creator/4.3/psoc creator/import/gnu/arm/5.4.1/bin/../lib/gcc/arm-none-eabi/5.4.1/../../../../arm-none-eabi/lib/armv7e-m/softfp\libg_nano.a(lib_a-mprec.o)
                0x10085c64                __lo0bits
 .text.__i2b    0x10085cbe       0x12 c:/program files (x86)/cypress/psoc creator/4.3/psoc creator/import/gnu/arm/5.4.1/bin/../lib/gcc/arm-none-eabi/5.4.1/../../../../arm-none-eabi/lib/armv7e-m/softfp\libg_nano.a(lib_a-mprec.o)
                0x10085cbe                __i2b
 .text.__multiply
                0x10085cd0      0x122 c:/program files (x86)/cypress/psoc creator/4.3/psoc creator/import/gnu/arm/5.4.1/bin/../lib/gcc/arm-none-eabi/5.4.1/../../../../arm-none-eabi/lib/armv7e-m/softfp\libg_nano.a(lib_a-mprec.o)
                0x10085cd0                __multiply
 *fill*         0x10085df2        0x2 
 .text.__pow5mult
                0x10085df4       0x9c c:/program files (x86)/cypress/psoc creator/4.3/psoc creator/import/gnu/arm/5.4.1/bin/../lib/gcc/arm-none-eabi/5.4.1/../../../../arm-none-eabi/lib/armv7e-m/softfp\libg_nano.a(lib_a-mprec.o)
                0x10085df4                __pow5mult
 .text.__lshift
                0x10085e90       0xa2 c:/program files (x86)/cypress/psoc creator/4.3/psoc creator/import/gnu/arm/5.4.1/bin/../lib/gcc/arm-none-eabi/5.4.1/../../../../arm-none-eabi/lib/armv7e-m/softfp\libg_nano.a(lib_a-mprec.o)
                0x10085e90                __lshift
 .text.__mcmp   0x10085f32       0x38 c:/program files (x86)/cypress/psoc creator/4.3/psoc creator/import/gnu/arm/5.4.1/bin/../lib/gcc/arm-none-eabi/5.4.1/../../../../arm-none-eabi/lib/armv7e-m/softfp\libg_nano.a(lib_a-mprec.o)
                0x10085f32                __mcmp
 .text.__mdiff  0x10085f6a       0xbe c:/program files (x86)/cypress/psoc creator/4.3/psoc creator/import/gnu/arm/5.4.1/bin/../lib/gcc/arm-none-eabi/5.4.1/../../../../arm-none-eabi/lib/armv7e-m/softfp\libg_nano.a(lib_a-mprec.o)
                0x10085f6a                __mdiff
 .text.__d2b    0x10086028       0x9c c:/program files (x86)/cypress/psoc creator/4.3/psoc creator/import/gnu/arm/5.4.1/bin/../lib/gcc/arm-none-eabi/5.4.1/../../../../arm-none-eabi/lib/armv7e-m/softfp\libg_nano.a(lib_a-mprec.o)
                0x10086028                __d2b
 .text._calloc_r
                0x100860c4       0x1c c:/program files (x86)/cypress/psoc creator/4.3/psoc creator/import/gnu/arm/5.4.1/bin/../lib/gcc/arm-none-eabi/5.4.1/../../../../arm-none-eabi/lib/armv7e-m/softfp\libg_nano.a(lib_a-nano-callocr.o)
                0x100860c4                _calloc_r
 .text._free_r  0x100860e0       0x9c c:/program files (x86)/cypress/psoc creator/4.3/psoc creator/import/gnu/arm/5.4.1/bin/../lib/gcc/arm-none-eabi/5.4.1/../../../../arm-none-eabi/lib/armv7e-m/softfp\libg_nano.a(lib_a-nano-freer.o)
                0x100860e0                _free_r
 .text._malloc_r
                0x1008617c       0xbc c:/program files (x86)/cypress/psoc creator/4.3/psoc creator/import/gnu/arm/5.4.1/bin/../lib/gcc/arm-none-eabi/5.4.1/../../../../arm-none-eabi/lib/armv7e-m/softfp\libg_nano.a(lib_a-nano-mallocr.o)
                0x1008617c                _malloc_r
 .text.__sfputc_r
                0x10086238       0x30 c:/program files (x86)/cypress/psoc creator/4.3/psoc creator/import/gnu/arm/5.4.1/bin/../lib/gcc/arm-none-eabi/5.4.1/../../../../arm-none-eabi/lib/armv7e-m/softfp\libg_nano.a(lib_a-nano-vfprintf.o)
 .text.__sfputs_r
                0x10086268       0x24 c:/program files (x86)/cypress/psoc creator/4.3/psoc creator/import/gnu/arm/5.4.1/bin/../lib/gcc/arm-none-eabi/5.4.1/../../../../arm-none-eabi/lib/armv7e-m/softfp\libg_nano.a(lib_a-nano-vfprintf.o)
                0x10086268                __sfputs_r
 .text._vfprintf_r
                0x1008628c      0x238 c:/program files (x86)/cypress/psoc creator/4.3/psoc creator/import/gnu/arm/5.4.1/bin/../lib/gcc/arm-none-eabi/5.4.1/../../../../arm-none-eabi/lib/armv7e-m/softfp\libg_nano.a(lib_a-nano-vfprintf.o)
                0x1008628c                _vfprintf_r
                0x1008628c                _vfiprintf_r
 .text._sbrk_r  0x100864c4       0x20 c:/program files (x86)/cypress/psoc creator/4.3/psoc creator/import/gnu/arm/5.4.1/bin/../lib/gcc/arm-none-eabi/5.4.1/../../../../arm-none-eabi/lib/armv7e-m/softfp\libg_nano.a(lib_a-sbrkr.o)
                0x100864c4                _sbrk_r
 .text.__sread  0x100864e4       0x22 c:/program files (x86)/cypress/psoc creator/4.3/psoc creator/import/gnu/arm/5.4.1/bin/../lib/gcc/arm-none-eabi/5.4.1/../../../../arm-none-eabi/lib/armv7e-m/softfp\libg_nano.a(lib_a-stdio.o)
                0x100864e4                __sread
 .text.__swrite
                0x10086506       0x38 c:/program files (x86)/cypress/psoc creator/4.3/psoc creator/import/gnu/arm/5.4.1/bin/../lib/gcc/arm-none-eabi/5.4.1/../../../../arm-none-eabi/lib/armv7e-m/softfp\libg_nano.a(lib_a-stdio.o)
                0x10086506                __swrite
 .text.__sseek  0x1008653e       0x24 c:/program files (x86)/cypress/psoc creator/4.3/psoc creator/import/gnu/arm/5.4.1/bin/../lib/gcc/arm-none-eabi/5.4.1/../../../../arm-none-eabi/lib/armv7e-m/softfp\libg_nano.a(lib_a-stdio.o)
                0x1008653e                __sseek
 .text.__sclose
                0x10086562        0x8 c:/program files (x86)/cypress/psoc creator/4.3/psoc creator/import/gnu/arm/5.4.1/bin/../lib/gcc/arm-none-eabi/5.4.1/../../../../arm-none-eabi/lib/armv7e-m/softfp\libg_nano.a(lib_a-stdio.o)
                0x10086562                __sclose
 *fill*         0x1008656a        0x2 
 .text._write_r
                0x1008656c       0x24 c:/program files (x86)/cypress/psoc creator/4.3/psoc creator/import/gnu/arm/5.4.1/bin/../lib/gcc/arm-none-eabi/5.4.1/../../../../arm-none-eabi/lib/armv7e-m/softfp\libg_nano.a(lib_a-writer.o)
                0x1008656c                _write_r
 .text._close_r
                0x10086590       0x20 c:/program files (x86)/cypress/psoc creator/4.3/psoc creator/import/gnu/arm/5.4.1/bin/../lib/gcc/arm-none-eabi/5.4.1/../../../../arm-none-eabi/lib/armv7e-m/softfp\libg_nano.a(lib_a-closer.o)
                0x10086590                _close_r
 .text._fstat_r
                0x100865b0       0x24 c:/program files (x86)/cypress/psoc creator/4.3/psoc creator/import/gnu/arm/5.4.1/bin/../lib/gcc/arm-none-eabi/5.4.1/../../../../arm-none-eabi/lib/armv7e-m/softfp\libg_nano.a(lib_a-fstatr.o)
                0x100865b0                _fstat_r
 .text._isatty_r
                0x100865d4       0x20 c:/program files (x86)/cypress/psoc creator/4.3/psoc creator/import/gnu/arm/5.4.1/bin/../lib/gcc/arm-none-eabi/5.4.1/../../../../arm-none-eabi/lib/armv7e-m/softfp\libg_nano.a(lib_a-isattyr.o)
                0x100865d4                _isatty_r
 .text._lseek_r
                0x100865f4       0x24 c:/program files (x86)/cypress/psoc creator/4.3/psoc creator/import/gnu/arm/5.4.1/bin/../lib/gcc/arm-none-eabi/5.4.1/../../../../arm-none-eabi/lib/armv7e-m/softfp\libg_nano.a(lib_a-lseekr.o)
                0x100865f4                _lseek_r
 .text.__malloc_lock
                0x10086618        0x2 c:/program files (x86)/cypress/psoc creator/4.3/psoc creator/import/gnu/arm/5.4.1/bin/../lib/gcc/arm-none-eabi/5.4.1/../../../../arm-none-eabi/lib/armv7e-m/softfp\libg_nano.a(lib_a-mlock.o)
                0x10086618                __malloc_lock
 .text.__malloc_unlock
                0x1008661a        0x2 c:/program files (x86)/cypress/psoc creator/4.3/psoc creator/import/gnu/arm/5.4.1/bin/../lib/gcc/arm-none-eabi/5.4.1/../../../../arm-none-eabi/lib/armv7e-m/softfp\libg_nano.a(lib_a-mlock.o)
                0x1008661a                __malloc_unlock
 .text._read_r  0x1008661c       0x24 c:/program files (x86)/cypress/psoc creator/4.3/psoc creator/import/gnu/arm/5.4.1/bin/../lib/gcc/arm-none-eabi/5.4.1/../../../../arm-none-eabi/lib/armv7e-m/softfp\libg_nano.a(lib_a-readr.o)
                0x1008661c                _read_r
 .text          0x10086640      0x110 c:/program files (x86)/cypress/psoc creator/4.3/psoc creator/import/gnu/arm/5.4.1/bin/../lib/gcc/arm-none-eabi/5.4.1/armv7e-m/softfp\libgcc.a(_arm_cmpdf2.o)
                0x10086640                __gtdf2
                0x10086640                __gedf2
                0x10086648                __ltdf2
                0x10086648                __ledf2
                0x10086650                __nedf2
                0x10086650                __eqdf2
                0x10086650                __cmpdf2
                0x100866cc                __aeabi_cdrcmple
                0x100866dc                __aeabi_cdcmpeq
                0x100866dc                __aeabi_cdcmple
                0x100866ec                __aeabi_dcmpeq
                0x10086700                __aeabi_dcmplt
                0x10086714                __aeabi_dcmple
                0x10086728                __aeabi_dcmpge
                0x1008673c                __aeabi_dcmpgt
 .text          0x10086750       0x2c c:/program files (x86)/cypress/psoc creator/4.3/psoc creator/import/gnu/arm/5.4.1/bin/../lib/gcc/arm-none-eabi/5.4.1/armv7e-m/softfp\libgcc.a(_arm_unorddf2.o)
                0x10086750                __unorddf2
                0x10086750                __aeabi_dcmpun
 .text          0x1008677c       0x50 c:/program files (x86)/cypress/psoc creator/4.3/psoc creator/import/gnu/arm/5.4.1/bin/../lib/gcc/arm-none-eabi/5.4.1/armv7e-m/softfp\libgcc.a(_arm_fixdfsi.o)
                0x1008677c                __aeabi_d2iz
                0x1008677c                __fixdfsi
 .text._close   0x100867cc       0x10 c:/program files (x86)/cypress/psoc creator/4.3/psoc creator/import/gnu/arm/5.4.1/bin/../lib/gcc/arm-none-eabi/5.4.1/../../../../arm-none-eabi/lib/armv7e-m/softfp\libnosys.a(close.o)
                0x100867cc                _close
 .text._fstat   0x100867dc       0x10 c:/program files (x86)/cypress/psoc creator/4.3/psoc creator/import/gnu/arm/5.4.1/bin/../lib/gcc/arm-none-eabi/5.4.1/../../../../arm-none-eabi/lib/armv7e-m/softfp\libnosys.a(fstat.o)
                0x100867dc                _fstat
 .text._isatty  0x100867ec       0x10 c:/program files (x86)/cypress/psoc creator/4.3/psoc creator/import/gnu/arm/5.4.1/bin/../lib/gcc/arm-none-eabi/5.4.1/../../../../arm-none-eabi/lib/armv7e-m/softfp\libnosys.a(isatty.o)
                0x100867ec                _isatty
 .text._lseek   0x100867fc       0x10 c:/program files (x86)/cypress/psoc creator/4.3/psoc creator/import/gnu/arm/5.4.1/bin/../lib/gcc/arm-none-eabi/5.4.1/../../../../arm-none-eabi/lib/armv7e-m/softfp\libnosys.a(lseek.o)
                0x100867fc                _lseek
 .text._sbrk    0x1008680c       0x1c c:/program files (x86)/cypress/psoc creator/4.3/psoc creator/import/gnu/arm/5.4.1/bin/../lib/gcc/arm-none-eabi/5.4.1/../../../../arm-none-eabi/lib/armv7e-m/softfp\libnosys.a(sbrk.o)
                0x1008680c                _sbrk
 *(.init)
 .init          0x10086828        0x4 c:/program files (x86)/cypress/psoc creator/4.3/psoc creator/import/gnu/arm/5.4.1/bin/../lib/gcc/arm-none-eabi/5.4.1/armv7e-m/softfp/crti.o
                0x10086828                _init
 .init          0x1008682c        0x8 c:/program files (x86)/cypress/psoc creator/4.3/psoc creator/import/gnu/arm/5.4.1/bin/../lib/gcc/arm-none-eabi/5.4.1/armv7e-m/softfp/crtn.o
 *(.fini)
 .fini          0x10086834        0x4 c:/program files (x86)/cypress/psoc creator/4.3/psoc creator/import/gnu/arm/5.4.1/bin/../lib/gcc/arm-none-eabi/5.4.1/armv7e-m/softfp/crti.o
                0x10086834                _fini
 .fini          0x10086838        0x8 c:/program files (x86)/cypress/psoc creator/4.3/psoc creator/import/gnu/arm/5.4.1/bin/../lib/gcc/arm-none-eabi/5.4.1/armv7e-m/softfp/crtn.o
 *crtbegin.o(.ctors)
 *crtbegin?.o(.ctors)
 *(EXCLUDE_FILE(*crtend.o *crtend?.o) .ctors)
 *(SORT(.ctors.*))
 *(.ctors)
 *crtbegin.o(.dtors)
 *crtbegin?.o(.dtors)
 *(EXCLUDE_FILE(*crtend.o *crtend?.o) .dtors)
 *(SORT(.dtors.*))
 *(.dtors)
 *(.rodata .rodata.* .constdata .constdata.* .conststring .conststring.*)
 .rodata.str1.4
                0x10086840      0x101 .\CortexM4\ARM_GCC_541\Debug\main_cm4.o
 *fill*         0x10086941        0x3 
 .rodata        0x10086944       0x34 .\CortexM4\ARM_GCC_541\Debug\system_psoc6_cm4.o
 .rodata        0x10086978       0x18 .\CortexM4\ARM_GCC_541\Debug\cyfitter_sysint_cfg.o
                0x10086978                ADC_IRQ_cfg
                0x10086980                CapSense_ISR_cfg
                0x10086988                UART_SCB_IRQ_cfg
 .rodata.str1.4
                0x10086990       0x3f .\CortexM4\ARM_GCC_541\Debug\cy_flash.o
 *fill*         0x100869cf        0x1 
 .rodata.str1.4
                0x100869d0       0x7d .\CortexM4\ARM_GCC_541\Debug\cy_gpio.o
 *fill*         0x10086a4d        0x3 
 .rodata.str1.4
                0x10086a50       0x7f .\CortexM4\ARM_GCC_541\Debug\cy_ipc_drv.o
 .rodata.str1.4
                0x10086acf       0x3f .\CortexM4\ARM_GCC_541\Debug\cy_ipc_sema.o
 *fill*         0x10086acf        0x1 
 .rodata.str1.4
                0x10086ad0       0x40 .\CortexM4\ARM_GCC_541\Debug\cy_ipc_pipe.o
                                 0x7f (size before relaxing)
 .rodata.str1.4
                0x10086b10       0x41 .\CortexM4\ARM_GCC_541\Debug\cy_sysint.o
 *fill*         0x10086b51        0x3 
 .rodata        0x10086b54      0x170 .\CortexM4\ARM_GCC_541\Debug\cy_device.o
                0x10086b54                cy_deviceIpBlockCfgPSoC6_02
                0x10086c0c                cy_deviceIpBlockCfgPSoC6_01
 .rodata.str1.4
                0x10086cc4       0x3b .\CortexM4\ARM_GCC_541\Debug\cy_sar.o
 *fill*         0x10086cff        0x1 
 .rodata.str1.4
                0x10086d00       0xc4 .\CortexM4\ARM_GCC_541\Debug\cy_scb_uart.o
 .rodata.str1.4
                0x10086dc4       0x3f .\CortexM4\ARM_GCC_541\Debug\cy_ctdac.o
 *fill*         0x10086e03        0x1 
 .rodata.str1.4
                0x10086e04       0x3b .\CortexM4\ARM_GCC_541\Debug\ADC_INT.o
 *fill*         0x10086e3f        0x1 
 .rodata        0x10086e40       0x8c .\CortexM4\ARM_GCC_541\Debug\ADC_INIT.o
                0x10086e40                ADC_allConfigs
 .rodata        0x10086ecc       0x40 .\CortexM4\ARM_GCC_541\Debug\UART.o
                0x10086ecc                UART_config
 .rodata.str1.4
                0x10086f0c       0x2d .\CortexM4\ARM_GCC_541\Debug\CapSense_Processing.o
 *fill*         0x10086f39        0x3 
 .rodata        0x10086f3c       0x80 .\CortexM4\ARM_GCC_541\Debug\CapSense_Structure.o
                0x10086f3c                CapSense_ramIdacInit
                0x10086f40                CapSense_dsFlash
                0x10086f80                CapSense_ramWidgetInit
                0x10086f9c                CapSense_ioList
 .rodata        0x10086fbc        0x1 .\CortexM4\ARM_GCC_541\Debug\CapSense_Sensing.o
                0x10086fbc                CapSense_scanFreqIndex
 *fill*         0x10086fbd        0x3 
 .rodata.str1.4
                0x10086fc0       0x40 .\CortexM4\ARM_GCC_541\Debug\CapSense_SensingCSX_LL.o
                                 0x3d (size before relaxing)
 .rodata        0x10087000       0x34 .\CortexM4\ARM_GCC_541\Debug\VDAC_1.o
                0x10087000                VDAC_1_ctdacConfig
 .rodata.str1.1
                0x10087034        0x2 c:/program files (x86)/cypress/psoc creator/4.3/psoc creator/import/gnu/arm/5.4.1/bin/../lib/gcc/arm-none-eabi/5.4.1/../../../../arm-none-eabi/lib/armv7e-m/softfp\libg_nano.a(lib_a-impure.o)
 *fill*         0x10087036        0x2 
 .rodata._global_impure_ptr
                0x10087038        0x4 c:/program files (x86)/cypress/psoc creator/4.3/psoc creator/import/gnu/arm/5.4.1/bin/../lib/gcc/arm-none-eabi/5.4.1/../../../../arm-none-eabi/lib/armv7e-m/softfp\libg_nano.a(lib_a-impure.o)
                0x10087038                _global_impure_ptr
 .rodata.str1.1
                0x1008703c       0x12 c:/program files (x86)/cypress/psoc creator/4.3/psoc creator/import/gnu/arm/5.4.1/bin/../lib/gcc/arm-none-eabi/5.4.1/../../../../arm-none-eabi/lib/armv7e-m/softfp\libg_nano.a(lib_a-nano-vfprintf_float.o)
 .rodata.str1.1
                0x1008704e       0x22 c:/program files (x86)/cypress/psoc creator/4.3/psoc creator/import/gnu/arm/5.4.1/bin/../lib/gcc/arm-none-eabi/5.4.1/../../../../arm-none-eabi/lib/armv7e-m/softfp\libg_nano.a(lib_a-nano-vfprintf_i.o)
 .rodata.str1.1
                0x10087070        0xd c:/program files (x86)/cypress/psoc creator/4.3/psoc creator/import/gnu/arm/5.4.1/bin/../lib/gcc/arm-none-eabi/5.4.1/../../../../arm-none-eabi/lib/armv7e-m/softfp\libg_nano.a(lib_a-dtoa.o)
                                  0xf (size before relaxing)
 *fill*         0x1008707d        0x3 
 .rodata.__sf_fake_stdin
                0x10087080       0x20 c:/program files (x86)/cypress/psoc creator/4.3/psoc creator/import/gnu/arm/5.4.1/bin/../lib/gcc/arm-none-eabi/5.4.1/../../../../arm-none-eabi/lib/armv7e-m/softfp\libg_nano.a(lib_a-findfp.o)
                0x10087080                __sf_fake_stdin
 .rodata.__sf_fake_stdout
                0x100870a0       0x20 c:/program files (x86)/cypress/psoc creator/4.3/psoc creator/import/gnu/arm/5.4.1/bin/../lib/gcc/arm-none-eabi/5.4.1/../../../../arm-none-eabi/lib/armv7e-m/softfp\libg_nano.a(lib_a-findfp.o)
                0x100870a0                __sf_fake_stdout
 .rodata.__sf_fake_stderr
                0x100870c0       0x20 c:/program files (x86)/cypress/psoc creator/4.3/psoc creator/import/gnu/arm/5.4.1/bin/../lib/gcc/arm-none-eabi/5.4.1/../../../../arm-none-eabi/lib/armv7e-m/softfp\libg_nano.a(lib_a-findfp.o)
                0x100870c0                __sf_fake_stderr
 .rodata.str1.1
                0x100870e0        0x8 c:/program files (x86)/cypress/psoc creator/4.3/psoc creator/import/gnu/arm/5.4.1/bin/../lib/gcc/arm-none-eabi/5.4.1/../../../../arm-none-eabi/lib/armv7e-m/softfp\libg_nano.a(lib_a-locale.o)
                                  0xb (size before relaxing)
 .rodata.p05.5410
                0x100870e8        0xc c:/program files (x86)/cypress/psoc creator/4.3/psoc creator/import/gnu/arm/5.4.1/bin/../lib/gcc/arm-none-eabi/5.4.1/../../../../arm-none-eabi/lib/armv7e-m/softfp\libg_nano.a(lib_a-mprec.o)
 *fill*         0x100870f4        0x4 
 .rodata.__mprec_bigtens
                0x100870f8       0x28 c:/program files (x86)/cypress/psoc creator/4.3/psoc creator/import/gnu/arm/5.4.1/bin/../lib/gcc/arm-none-eabi/5.4.1/../../../../arm-none-eabi/lib/armv7e-m/softfp\libg_nano.a(lib_a-mprec.o)
                0x100870f8                __mprec_bigtens
 .rodata.__mprec_tens
                0x10087120       0xc8 c:/program files (x86)/cypress/psoc creator/4.3/psoc creator/import/gnu/arm/5.4.1/bin/../lib/gcc/arm-none-eabi/5.4.1/../../../../arm-none-eabi/lib/armv7e-m/softfp\libg_nano.a(lib_a-mprec.o)
                0x10087120                __mprec_tens
 .rodata.str1.1
                0x100871e8       0x11 c:/program files (x86)/cypress/psoc creator/4.3/psoc creator/import/gnu/arm/5.4.1/bin/../lib/gcc/arm-none-eabi/5.4.1/../../../../arm-none-eabi/lib/armv7e-m/softfp\libg_nano.a(lib_a-nano-vfprintf.o)
 *(.eh_frame*)
 *fill*         0x100871f9        0x3 
 .eh_frame      0x100871fc        0x0 c:/program files (x86)/cypress/psoc creator/4.3/psoc creator/import/gnu/arm/5.4.1/bin/../lib/gcc/arm-none-eabi/5.4.1/armv7e-m/softfp/crtbegin.o
 .eh_frame      0x100871fc        0x4 c:/program files (x86)/cypress/psoc creator/4.3/psoc creator/import/gnu/arm/5.4.1/bin/../lib/gcc/arm-none-eabi/5.4.1/armv7e-m/softfp/crtend.o

.glue_7         0x10087200        0x0
 .glue_7        0x10087200        0x0 linker stubs

.glue_7t        0x10087200        0x0
 .glue_7t       0x10087200        0x0 linker stubs

.vfp11_veneer   0x10087200        0x0
 .vfp11_veneer  0x10087200        0x0 linker stubs

.v4_bx          0x10087200        0x0
 .v4_bx         0x10087200        0x0 linker stubs

.iplt           0x10087200        0x0
 .iplt          0x10087200        0x0 c:/program files (x86)/cypress/psoc creator/4.3/psoc creator/import/gnu/arm/5.4.1/bin/../lib/gcc/arm-none-eabi/5.4.1/armv7e-m/softfp/crtbegin.o

.ARM.extab
 *(.ARM.extab* .gnu.linkonce.armextab.*)
                0x10087200                __exidx_start = .

.ARM.exidx
 *(.ARM.exidx* .gnu.linkonce.armexidx.*)
                0x10087200                __exidx_end = .

.copy.table     0x10087200       0x18
                0x10087200                . = ALIGN (0x4)
                0x10087200                __copy_table_start__ = .
                0x10087200        0x4 LONG 0x10080000 __Vectors
                0x10087204        0x4 LONG 0x8024000 __ram_vectors_start__
                0x10087208        0x4 LONG 0x28c (__Vectors_End - __Vectors)
                0x1008720c        0x4 LONG 0x10087220 __etext
                0x10087210        0x4 LONG 0x802428c __data_start__
                0x10087214        0x4 LONG 0x664 (__data_end__ - __data_start__)
                0x10087218                __copy_table_end__ = .

.zero.table     0x10087218        0x8
                0x10087218                . = ALIGN (0x4)
                0x10087218                __zero_table_start__ = .
                0x10087218        0x4 LONG 0x8024984 __bss_start__
                0x1008721c        0x4 LONG 0x1f74c (__bss_end__ - __bss_start__)
                0x10087220                __zero_table_end__ = .
                0x10087220                __etext = .

.ramVectors     0x08024000      0x28c
                0x08024000                __ram_vectors_start__ = .
 *(.ram_vectors)
 .ram_vectors   0x08024000      0x28c .\CortexM4\ARM_GCC_541\Debug\startup_psoc6_01_cm4.o
                0x08024000                __ramVectors
                0x0802428c                __ram_vectors_end__ = .

.data           0x0802428c      0x664 load address 0x10087220
                0x0802428c                __data_start__ = .
 *(vtable)
 *(.data*)
 .data          0x0802428c       0x20 .\CortexM4\ARM_GCC_541\Debug\system_psoc6_cm4.o
                0x0802428c                cy_BleEcoClockFreqHz
                0x08024290                cy_Hfclk0FreqHz
                0x08024294                cy_PeriClkFreqHz
                0x08024298                SystemCoreClock
                0x0802429c                cy_delayFreqHz
                0x080242a0                cy_delayFreqMhz
                0x080242a4                cy_delayFreqKhz
                0x080242a8                cy_delay32kMs
 .data          0x080242ac        0x4 .\CortexM4\ARM_GCC_541\Debug\CapSense_SensingCSX_LL.o
                0x080242ac                CapSense_CSXPostScanApiPtr
 .data.impure_data
                0x080242b0       0x60 c:/program files (x86)/cypress/psoc creator/4.3/psoc creator/import/gnu/arm/5.4.1/bin/../lib/gcc/arm-none-eabi/5.4.1/../../../../arm-none-eabi/lib/armv7e-m/softfp\libg_nano.a(lib_a-impure.o)
 .data._impure_ptr
                0x08024310        0x4 c:/program files (x86)/cypress/psoc creator/4.3/psoc creator/import/gnu/arm/5.4.1/bin/../lib/gcc/arm-none-eabi/5.4.1/../../../../arm-none-eabi/lib/armv7e-m/softfp\libg_nano.a(lib_a-impure.o)
                0x08024310                _impure_ptr
 .data.lconv    0x08024314       0x38 c:/program files (x86)/cypress/psoc creator/4.3/psoc creator/import/gnu/arm/5.4.1/bin/../lib/gcc/arm-none-eabi/5.4.1/../../../../arm-none-eabi/lib/armv7e-m/softfp\libg_nano.a(lib_a-locale.o)
                0x0802434c                . = ALIGN (0x4)
                0x0802434c                PROVIDE (__preinit_array_start, .)
 *(.preinit_array)
                0x0802434c                PROVIDE (__preinit_array_end, .)
                0x0802434c                . = ALIGN (0x4)
                0x0802434c                PROVIDE (__init_array_start, .)
 *(SORT(.init_array.*))
 *(.init_array)
 .init_array    0x0802434c        0x4 c:/program files (x86)/cypress/psoc creator/4.3/psoc creator/import/gnu/arm/5.4.1/bin/../lib/gcc/arm-none-eabi/5.4.1/armv7e-m/softfp/crtbegin.o
                0x08024350                PROVIDE (__init_array_end, .)
                0x08024350                . = ALIGN (0x4)
                [!provide]                PROVIDE (__fini_array_start, .)
 *(SORT(.fini_array.*))
 *(.fini_array)
 .fini_array    0x08024350        0x4 c:/program files (x86)/cypress/psoc creator/4.3/psoc creator/import/gnu/arm/5.4.1/bin/../lib/gcc/arm-none-eabi/5.4.1/armv7e-m/softfp/crtbegin.o
                [!provide]                PROVIDE (__fini_array_end, .)
 *(.jcr*)
 .jcr           0x08024354        0x0 c:/program files (x86)/cypress/psoc creator/4.3/psoc creator/import/gnu/arm/5.4.1/bin/../lib/gcc/arm-none-eabi/5.4.1/armv7e-m/softfp/crtbegin.o
 .jcr           0x08024354        0x4 c:/program files (x86)/cypress/psoc creator/4.3/psoc creator/import/gnu/arm/5.4.1/bin/../lib/gcc/arm-none-eabi/5.4.1/armv7e-m/softfp/crtend.o
                0x08024358                . = ALIGN (0x4)
 *(.cy_ramfunc*)
 .cy_ramfunc    0x08024358      0x300 .\CortexM4\ARM_GCC_541\Debug\cy_flash.o
                0x080243c4                Cy_Flash_ResumeIrqHandler
 .cy_ramfunc    0x08024658      0x218 .\CortexM4\ARM_GCC_541\Debug\cy_syspm.o
 .cy_ramfunc.__stub
                0x08024870       0x80 linker stubs
                0x080248f0                . = ALIGN (0x4)
                0x080248f0                __data_end__ = .

.igot.plt       0x080248f0        0x0 load address 0x10087884
 .igot.plt      0x080248f0        0x0 c:/program files (x86)/cypress/psoc creator/4.3/psoc creator/import/gnu/arm/5.4.1/bin/../lib/gcc/arm-none-eabi/5.4.1/armv7e-m/softfp/crtbegin.o

.noinit         0x080248f0       0x94 load address 0x10087888
 *(.noinit)
 .noinit        0x080248f0       0x94 .\CortexM4\ARM_GCC_541\Debug\cy_syslib.o
                0x080248f0                cy_assertFileName
                0x08024908                cy_assertLine
                0x0802490c                cy_faultFrame

.bss            0x08024984    0x1f74c load address 0x1008791c
                0x08024984                . = ALIGN (0x4)
                0x08024984                __bss_start__ = .
 *(.bss*)
 .bss           0x08024984       0x1c c:/program files (x86)/cypress/psoc creator/4.3/psoc creator/import/gnu/arm/5.4.1/bin/../lib/gcc/arm-none-eabi/5.4.1/armv7e-m/softfp/crtbegin.o
 .bss           0x080249a0        0x1 .\CortexM4\ARM_GCC_541\Debug\main_cm4.o
                0x080249a0                recorded
 *fill*         0x080249a1        0x3 
 .bss           0x080249a4      0x180 .\CortexM4\ARM_GCC_541\Debug\system_psoc6_cm4.o
 .bss           0x08024b24       0x18 .\CortexM4\ARM_GCC_541\Debug\cy_flash.o
 .bss           0x08024b3c        0xc .\CortexM4\ARM_GCC_541\Debug\cy_ipc_sema.o
 .bss           0x08024b48        0x4 .\CortexM4\ARM_GCC_541\Debug\cy_ipc_pipe.o
 .bss           0x08024b4c       0x3c .\CortexM4\ARM_GCC_541\Debug\cy_syspm.o
 .bss           0x08024b88        0x6 .\CortexM4\ARM_GCC_541\Debug\ADC.o
                0x08024b88                ADC_currentConfig
                0x08024b8c                ADC_initVar
                0x08024b8d                ADC_selected
 .bss           0x08024b8e        0x1 .\CortexM4\ARM_GCC_541\Debug\UART.o
                0x08024b8e                UART_initVar
 .bss           0x08024b8f        0x1 .\CortexM4\ARM_GCC_541\Debug\CapSense_Control.o
 .bss           0x08024b90        0x5 .\CortexM4\ARM_GCC_541\Debug\CapSense_Structure.o
 *fill*         0x08024b95        0x3 
 .bss           0x08024b98        0x4 .\CortexM4\ARM_GCC_541\Debug\CapSense_Tuner.o
 .bss           0x08024b9c        0x9 .\CortexM4\ARM_GCC_541\Debug\CapSense_Sensing.o
                0x08024b9c                CapSense_requestScanAllWidget
                0x08024b9d                CapSense_widgetIndex
                0x08024ba0                CapSense_curFlashWdgtPtr
                0x08024ba4                CapSense_sensorIndex
 *fill*         0x08024ba5        0x3 
 .bss           0x08024ba8       0x12 .\CortexM4\ARM_GCC_541\Debug\CapSense_SensingCSX_LL.o
                0x08024ba8                CapSense_csxScanPeriod
                0x08024baa                CapSense_csxRawCount
 *fill*         0x08024bba        0x2 
 .bss           0x08024bbc        0x8 .\CortexM4\ARM_GCC_541\Debug\VDAC_1.o
                0x08024bbc                VDAC_1_initVar
 .bss.__malloc_sbrk_start
                0x08024bc4        0x4 c:/program files (x86)/cypress/psoc creator/4.3/psoc creator/import/gnu/arm/5.4.1/bin/../lib/gcc/arm-none-eabi/5.4.1/../../../../arm-none-eabi/lib/armv7e-m/softfp\libg_nano.a(lib_a-nano-mallocr.o)
                0x08024bc4                __malloc_sbrk_start
 .bss.__malloc_free_list
                0x08024bc8        0x4 c:/program files (x86)/cypress/psoc creator/4.3/psoc creator/import/gnu/arm/5.4.1/bin/../lib/gcc/arm-none-eabi/5.4.1/../../../../arm-none-eabi/lib/armv7e-m/softfp\libg_nano.a(lib_a-nano-mallocr.o)
                0x08024bc8                __malloc_free_list
 .bss.heap_end.4169
                0x08024bcc        0x4 c:/program files (x86)/cypress/psoc creator/4.3/psoc creator/import/gnu/arm/5.4.1/bin/../lib/gcc/arm-none-eabi/5.4.1/../../../../arm-none-eabi/lib/armv7e-m/softfp\libnosys.a(sbrk.o)
 *(COMMON)
 COMMON         0x08024bd0    0x1f402 .\CortexM4\ARM_GCC_541\Debug\main_cm4.o
                0x08024bd0                codes
                0x08043fd0                average
 *fill*         0x08043fd2        0x2 
 COMMON         0x08043fd4        0x4 .\CortexM4\ARM_GCC_541\Debug\cy_device.o
                0x08043fd4                cy_device
 COMMON         0x08043fd8       0x60 .\CortexM4\ARM_GCC_541\Debug\cy_sar.o
                0x08043fd8                Cy_SAR_offset
                0x08043ff8                Cy_SAR_countsPer10Volt
 COMMON         0x08044038       0x38 .\CortexM4\ARM_GCC_541\Debug\UART.o
                0x08044038                UART_context
 COMMON         0x08044070       0x54 .\CortexM4\ARM_GCC_541\Debug\CapSense_Structure.o
                0x08044070                CapSense_dsRam
 COMMON         0x080440c4        0x8 .\CortexM4\ARM_GCC_541\Debug\CapSense_Sensing.o
                0x080440c4                CapSense_curRamSnsPtr
                0x080440c8                CapSense_curSnsIOPtr
 COMMON         0x080440cc        0x4 c:/program files (x86)/cypress/psoc creator/4.3/psoc creator/import/gnu/arm/5.4.1/bin/../lib/gcc/arm-none-eabi/5.4.1/../../../../arm-none-eabi/lib/armv7e-m/softfp\libg_nano.a(lib_a-reent.o)
                0x080440cc                errno
                0x080440d0                . = ALIGN (0x4)
                0x080440d0                __bss_end__ = .

.heap           0x080440d0      0x400
                0x080440d0                __HeapBase = .
                0x080440d0                __end__ = .
                0x080440d0                end = __end__
 *(.heap*)
 .heap          0x080440d0      0x400 .\CortexM4\ARM_GCC_541\Debug\startup_psoc6_01_cm4.o
                0x080444d0                __HeapLimit = .

.stack_dummy    0x080440d0     0x1000
 *(.stack*)
 .stack         0x080440d0     0x1000 .\CortexM4\ARM_GCC_541\Debug\startup_psoc6_01_cm4.o
                0x08047800                __StackTop = (ORIGIN (ram) + LENGTH (ram))
                0x08046800                __StackLimit = (__StackTop - SIZEOF (.stack_dummy))
                0x08047800                PROVIDE (__stack, __StackTop)
                0x00000001                ASSERT ((__StackLimit >= __HeapLimit), region RAM overflowed with stack)

.cy_app_signature
 *(.cy_app_signature)

.cy_em_eeprom
 *(.cy_em_eeprom)

.cy_sflash_user_data
 *(.cy_sflash_user_data)

.cy_sflash_nar
 *(.cy_sflash_nar)

.cy_sflash_public_key
 *(.cy_sflash_public_key)

.cy_toc_part2
 *(.cy_toc_part2)

.cy_rtoc_part2
 *(.cy_rtoc_part2)

.cy_xip
 *(.cy_xip)

.cy_efuse
 *(.cy_efuse)

.cymeta         0x90500000        0xc
 *(.cymeta)
 .cymeta        0x90500000        0xc .\CortexM4\ARM_GCC_541\Debug\cymetadata.o
                0x90500000                cy_metadata
                0x10000000                __cy_memory_0_start = 0x10000000
                0x00100000                __cy_memory_0_length = 0x100000
                0x00000200                __cy_memory_0_row_size = 0x200
                0x14000000                __cy_memory_1_start = 0x14000000
                0x00008000                __cy_memory_1_length = 0x8000
                0x00000200                __cy_memory_1_row_size = 0x200
                0x16000000                __cy_memory_2_start = 0x16000000
                0x00008000                __cy_memory_2_length = 0x8000
                0x00000200                __cy_memory_2_row_size = 0x200
                0x18000000                __cy_memory_3_start = 0x18000000
                0x08000000                __cy_memory_3_length = 0x8000000
                0x00000200                __cy_memory_3_row_size = 0x200
                0x90700000                __cy_memory_4_start = 0x90700000
                0x00100000                __cy_memory_4_length = 0x100000
                0x00000001                __cy_memory_4_row_size = 0x1
OUTPUT(C:\Users\zinch\Documents\pokproj\VoiceRepeater_onPSoC6.cydsn\CortexM4\ARM_GCC_541\Debug\VoiceRepeater_onPSoC6_link.elf elf32-littlearm)

.rel.dyn        0x080440d0        0x0 load address 0x98562fa4
 .rel.iplt      0x080440d0        0x0 c:/program files (x86)/cypress/psoc creator/4.3/psoc creator/import/gnu/arm/5.4.1/bin/../lib/gcc/arm-none-eabi/5.4.1/armv7e-m/softfp/crtbegin.o

.ARM.attributes
                0x00000000       0x2e
 .ARM.attributes
                0x00000000       0x22 c:/program files (x86)/cypress/psoc creator/4.3/psoc creator/import/gnu/arm/5.4.1/bin/../lib/gcc/arm-none-eabi/5.4.1/armv7e-m/softfp/crti.o
 .ARM.attributes
                0x00000022       0x32 c:/program files (x86)/cypress/psoc creator/4.3/psoc creator/import/gnu/arm/5.4.1/bin/../lib/gcc/arm-none-eabi/5.4.1/armv7e-m/softfp/crtbegin.o
 .ARM.attributes
                0x00000054       0x1f .\CortexM4\ARM_GCC_541\Debug\startup_psoc6_01_cm4.o
 .ARM.attributes
                0x00000073       0x37 .\CortexM4\ARM_GCC_541\Debug\main_cm4.o
 .ARM.attributes
                0x000000aa       0x37 .\CortexM4\ARM_GCC_541\Debug\system_psoc6_cm4.o
 .ARM.attributes
                0x000000e1       0x37 .\CortexM4\ARM_GCC_541\Debug\stdio_user.o
 .ARM.attributes
                0x00000118       0x37 .\CortexM4\ARM_GCC_541\Debug\cyfitter_sysint_cfg.o
 .ARM.attributes
                0x0000014f       0x37 .\CortexM4\ARM_GCC_541\Debug\cymetadata.o
 .ARM.attributes
                0x00000186       0x37 .\CortexM4\ARM_GCC_541\Debug\cy_flash.o
 .ARM.attributes
                0x000001bd       0x37 .\CortexM4\ARM_GCC_541\Debug\cy_gpio.o
 .ARM.attributes
                0x000001f4       0x37 .\CortexM4\ARM_GCC_541\Debug\cy_ipc_drv.o
 .ARM.attributes
                0x0000022b       0x37 .\CortexM4\ARM_GCC_541\Debug\cy_ipc_sema.o
 .ARM.attributes
                0x00000262       0x37 .\CortexM4\ARM_GCC_541\Debug\cy_ipc_pipe.o
 .ARM.attributes
                0x00000299       0x37 .\CortexM4\ARM_GCC_541\Debug\cy_sysint.o
 .ARM.attributes
                0x000002d0       0x37 .\CortexM4\ARM_GCC_541\Debug\cy_syslib.o
 .ARM.attributes
                0x00000307       0x25 .\CortexM4\ARM_GCC_541\Debug\cy_syslib_gcc.o
 .ARM.attributes
                0x0000032c       0x37 .\CortexM4\ARM_GCC_541\Debug\cy_syspm.o
 .ARM.attributes
                0x00000363       0x37 .\CortexM4\ARM_GCC_541\Debug\cy_device.o
 .ARM.attributes
                0x0000039a       0x37 .\CortexM4\ARM_GCC_541\Debug\cy_sar.o
 .ARM.attributes
                0x000003d1       0x37 .\CortexM4\ARM_GCC_541\Debug\cy_scb_common.o
 .ARM.attributes
                0x00000408       0x37 .\CortexM4\ARM_GCC_541\Debug\cy_scb_uart.o
 .ARM.attributes
                0x0000043f       0x37 .\CortexM4\ARM_GCC_541\Debug\cy_ctdac.o
 .ARM.attributes
                0x00000476       0x37 .\CortexM4\ARM_GCC_541\Debug\retarget.o
 .ARM.attributes
                0x000004ad       0x37 .\CortexM4\ARM_GCC_541\Debug\ADC.o
 .ARM.attributes
                0x000004e4       0x37 .\CortexM4\ARM_GCC_541\Debug\ADC_INT.o
 .ARM.attributes
                0x0000051b       0x37 .\CortexM4\ARM_GCC_541\Debug\ADC_INIT.o
 .ARM.attributes
                0x00000552       0x37 .\CortexM4\ARM_GCC_541\Debug\UART.o
 .ARM.attributes
                0x00000589       0x37 .\CortexM4\ARM_GCC_541\Debug\CapSense_Control.o
 .ARM.attributes
                0x000005c0       0x37 .\CortexM4\ARM_GCC_541\Debug\CapSense_Processing.o
 .ARM.attributes
                0x000005f7       0x37 .\CortexM4\ARM_GCC_541\Debug\CapSense_Structure.o
 .ARM.attributes
                0x0000062e       0x37 .\CortexM4\ARM_GCC_541\Debug\CapSense_Tuner.o
 .ARM.attributes
                0x00000665       0x37 .\CortexM4\ARM_GCC_541\Debug\CapSense_Filter.o
 .ARM.attributes
                0x0000069c       0x37 .\CortexM4\ARM_GCC_541\Debug\CapSense_Sensing.o
 .ARM.attributes
                0x000006d3       0x37 .\CortexM4\ARM_GCC_541\Debug\CapSense_SensingCSX_LL.o
 .ARM.attributes
                0x0000070a       0x37 .\CortexM4\ARM_GCC_541\Debug\VDAC_1.o
 .ARM.attributes
                0x00000741       0x22 c:/program files (x86)/cypress/psoc creator/4.3/psoc creator/import/gnu/arm/5.4.1/bin/../lib/gcc/arm-none-eabi/5.4.1/armv7e-m/softfp\libgcc.a(_arm_addsubdf3.o)
 .ARM.attributes
                0x00000763       0x22 c:/program files (x86)/cypress/psoc creator/4.3/psoc creator/import/gnu/arm/5.4.1/bin/../lib/gcc/arm-none-eabi/5.4.1/armv7e-m/softfp\libgcc.a(_arm_muldivdf3.o)
 .ARM.attributes
                0x00000785       0x32 c:/program files (x86)/cypress/psoc creator/4.3/psoc creator/import/gnu/arm/5.4.1/bin/../lib/gcc/arm-none-eabi/5.4.1/../../../../arm-none-eabi/lib/armv7e-m/softfp\libg_nano.a(lib_a-impure.o)
 .ARM.attributes
                0x000007b7       0x32 c:/program files (x86)/cypress/psoc creator/4.3/psoc creator/import/gnu/arm/5.4.1/bin/../lib/gcc/arm-none-eabi/5.4.1/../../../../arm-none-eabi/lib/armv7e-m/softfp\libg_nano.a(lib_a-memset.o)
 .ARM.attributes
                0x000007e9       0x32 c:/program files (x86)/cypress/psoc creator/4.3/psoc creator/import/gnu/arm/5.4.1/bin/../lib/gcc/arm-none-eabi/5.4.1/../../../../arm-none-eabi/lib/armv7e-m/softfp\libg_nano.a(lib_a-nano-vfprintf_float.o)
 .ARM.attributes
                0x0000081b       0x32 c:/program files (x86)/cypress/psoc creator/4.3/psoc creator/import/gnu/arm/5.4.1/bin/../lib/gcc/arm-none-eabi/5.4.1/../../../../arm-none-eabi/lib/armv7e-m/softfp\libg_nano.a(lib_a-nano-vfprintf_i.o)
 .ARM.attributes
                0x0000084d       0x32 c:/program files (x86)/cypress/psoc creator/4.3/psoc creator/import/gnu/arm/5.4.1/bin/../lib/gcc/arm-none-eabi/5.4.1/../../../../arm-none-eabi/lib/armv7e-m/softfp\libg_nano.a(lib_a-printf.o)
 .ARM.attributes
                0x0000087f       0x32 c:/program files (x86)/cypress/psoc creator/4.3/psoc creator/import/gnu/arm/5.4.1/bin/../lib/gcc/arm-none-eabi/5.4.1/../../../../arm-none-eabi/lib/armv7e-m/softfp\libg_nano.a(lib_a-puts.o)
 .ARM.attributes
                0x000008b1       0x32 c:/program files (x86)/cypress/psoc creator/4.3/psoc creator/import/gnu/arm/5.4.1/bin/../lib/gcc/arm-none-eabi/5.4.1/../../../../arm-none-eabi/lib/armv7e-m/softfp\libg_nano.a(lib_a-setvbuf.o)
 .ARM.attributes
                0x000008e3       0x1b c:/program files (x86)/cypress/psoc creator/4.3/psoc creator/import/gnu/arm/5.4.1/bin/../lib/gcc/arm-none-eabi/5.4.1/../../../../arm-none-eabi/lib/armv7e-m/softfp\libg_nano.a(lib_a-strlen.o)
 .ARM.attributes
                0x000008fe       0x32 c:/program files (x86)/cypress/psoc creator/4.3/psoc creator/import/gnu/arm/5.4.1/bin/../lib/gcc/arm-none-eabi/5.4.1/../../../../arm-none-eabi/lib/armv7e-m/softfp\libg_nano.a(lib_a-strncpy.o)
 .ARM.attributes
                0x00000930       0x32 c:/program files (x86)/cypress/psoc creator/4.3/psoc creator/import/gnu/arm/5.4.1/bin/../lib/gcc/arm-none-eabi/5.4.1/../../../../arm-none-eabi/lib/armv7e-m/softfp\libg_nano.a(lib_a-wbuf.o)
 .ARM.attributes
                0x00000962       0x32 c:/program files (x86)/cypress/psoc creator/4.3/psoc creator/import/gnu/arm/5.4.1/bin/../lib/gcc/arm-none-eabi/5.4.1/../../../../arm-none-eabi/lib/armv7e-m/softfp\libg_nano.a(lib_a-wsetup.o)
 .ARM.attributes
                0x00000994       0x32 c:/program files (x86)/cypress/psoc creator/4.3/psoc creator/import/gnu/arm/5.4.1/bin/../lib/gcc/arm-none-eabi/5.4.1/../../../../arm-none-eabi/lib/armv7e-m/softfp\libg_nano.a(lib_a-dtoa.o)
 .ARM.attributes
                0x000009c6       0x32 c:/program files (x86)/cypress/psoc creator/4.3/psoc creator/import/gnu/arm/5.4.1/bin/../lib/gcc/arm-none-eabi/5.4.1/../../../../arm-none-eabi/lib/armv7e-m/softfp\libg_nano.a(lib_a-fflush.o)
 .ARM.attributes
                0x000009f8       0x32 c:/program files (x86)/cypress/psoc creator/4.3/psoc creator/import/gnu/arm/5.4.1/bin/../lib/gcc/arm-none-eabi/5.4.1/../../../../arm-none-eabi/lib/armv7e-m/softfp\libg_nano.a(lib_a-findfp.o)
 .ARM.attributes
                0x00000a2a       0x32 c:/program files (x86)/cypress/psoc creator/4.3/psoc creator/import/gnu/arm/5.4.1/bin/../lib/gcc/arm-none-eabi/5.4.1/../../../../arm-none-eabi/lib/armv7e-m/softfp\libg_nano.a(lib_a-fwalk.o)
 .ARM.attributes
                0x00000a5c       0x32 c:/program files (x86)/cypress/psoc creator/4.3/psoc creator/import/gnu/arm/5.4.1/bin/../lib/gcc/arm-none-eabi/5.4.1/../../../../arm-none-eabi/lib/armv7e-m/softfp\libg_nano.a(lib_a-locale.o)
 .ARM.attributes
                0x00000a8e       0x32 c:/program files (x86)/cypress/psoc creator/4.3/psoc creator/import/gnu/arm/5.4.1/bin/../lib/gcc/arm-none-eabi/5.4.1/../../../../arm-none-eabi/lib/armv7e-m/softfp\libg_nano.a(lib_a-makebuf.o)
 .ARM.attributes
                0x00000ac0       0x32 c:/program files (x86)/cypress/psoc creator/4.3/psoc creator/import/gnu/arm/5.4.1/bin/../lib/gcc/arm-none-eabi/5.4.1/../../../../arm-none-eabi/lib/armv7e-m/softfp\libg_nano.a(lib_a-malloc.o)
 .ARM.attributes
                0x00000af2       0x20 c:/program files (x86)/cypress/psoc creator/4.3/psoc creator/import/gnu/arm/5.4.1/bin/../lib/gcc/arm-none-eabi/5.4.1/../../../../arm-none-eabi/lib/armv7e-m/softfp\libg_nano.a(lib_a-memchr.o)
 .ARM.attributes
                0x00000b12       0x32 c:/program files (x86)/cypress/psoc creator/4.3/psoc creator/import/gnu/arm/5.4.1/bin/../lib/gcc/arm-none-eabi/5.4.1/../../../../arm-none-eabi/lib/armv7e-m/softfp\libg_nano.a(lib_a-memcpy-stub.o)
 .ARM.attributes
                0x00000b44       0x32 c:/program files (x86)/cypress/psoc creator/4.3/psoc creator/import/gnu/arm/5.4.1/bin/../lib/gcc/arm-none-eabi/5.4.1/../../../../arm-none-eabi/lib/armv7e-m/softfp\libg_nano.a(lib_a-mprec.o)
 .ARM.attributes
                0x00000b76       0x32 c:/program files (x86)/cypress/psoc creator/4.3/psoc creator/import/gnu/arm/5.4.1/bin/../lib/gcc/arm-none-eabi/5.4.1/../../../../arm-none-eabi/lib/armv7e-m/softfp\libg_nano.a(lib_a-nano-callocr.o)
 .ARM.attributes
                0x00000ba8       0x32 c:/program files (x86)/cypress/psoc creator/4.3/psoc creator/import/gnu/arm/5.4.1/bin/../lib/gcc/arm-none-eabi/5.4.1/../../../../arm-none-eabi/lib/armv7e-m/softfp\libg_nano.a(lib_a-nano-freer.o)
 .ARM.attributes
                0x00000bda       0x32 c:/program files (x86)/cypress/psoc creator/4.3/psoc creator/import/gnu/arm/5.4.1/bin/../lib/gcc/arm-none-eabi/5.4.1/../../../../arm-none-eabi/lib/armv7e-m/softfp\libg_nano.a(lib_a-nano-mallocr.o)
 .ARM.attributes
                0x00000c0c       0x32 c:/program files (x86)/cypress/psoc creator/4.3/psoc creator/import/gnu/arm/5.4.1/bin/../lib/gcc/arm-none-eabi/5.4.1/../../../../arm-none-eabi/lib/armv7e-m/softfp\libg_nano.a(lib_a-nano-vfprintf.o)
 .ARM.attributes
                0x00000c3e       0x32 c:/program files (x86)/cypress/psoc creator/4.3/psoc creator/import/gnu/arm/5.4.1/bin/../lib/gcc/arm-none-eabi/5.4.1/../../../../arm-none-eabi/lib/armv7e-m/softfp\libg_nano.a(lib_a-sbrkr.o)
 .ARM.attributes
                0x00000c70       0x32 c:/program files (x86)/cypress/psoc creator/4.3/psoc creator/import/gnu/arm/5.4.1/bin/../lib/gcc/arm-none-eabi/5.4.1/../../../../arm-none-eabi/lib/armv7e-m/softfp\libg_nano.a(lib_a-stdio.o)
 .ARM.attributes